#
# A fatal error has been detected by the Java Runtime Environment:
#
#  EXCEPTION_ACCESS_VIOLATION (0xc0000005) at pc=0x00007ffd4f811b85, pid=30608, tid=11924
#
# JRE version:  (22.0.1+8) (build )
# Java VM: Java HotSpot(TM) 64-Bit Server VM (22.0.1+8-16, mixed mode, sharing, tiered, compressed class ptrs, unknown gc, windows-amd64)
# Problematic frame:
# C  [jimage.dll+0x1b85]
#
# No core dump will be written. Minidumps are not enabled by default on client versions of Windows
#
#

---------------  S U M M A R Y ------------

Command Line: 

Host: AMD Ryzen 7 5700U with Radeon Graphics         , 16 cores, 9G,  Windows 11 , 64 bit Build 22621 (10.0.22621.5124)
Time: Thu Apr 10 09:46:54 2025 Hora oficial do Brasil elapsed time: 0.270014 seconds (0d 0h 0m 0s)

---------------  T H R E A D  ---------------

Current thread is native thread

Stack: [0x000000b78e000000,0x000000b78e100000],  sp=0x000000b78e0fdb50,  free space=1014k
Native frames: (J=compiled Java code, j=interpreted, Vv=VM code, C=native code)
C  [jimage.dll+0x1b85]  (no source info available)
C  [jimage.dll+0x1d13]  (no source info available)
C  [jimage.dll+0x25dd]  (no source info available)
V  [jvm.dll+0x21d092]  (no source info available)
V  [jvm.dll+0xc7690]  (no source info available)
V  [jvm.dll+0x825b0c]  (no source info available)
V  [jvm.dll+0x45b8fe]  (no source info available)
V  [jvm.dll+0x45d781]  (no source info available)
C  [jli.dll+0x52a3]  (no source info available)
C  [ucrtbase.dll+0x29333]  (no source info available)
C  [KERNEL32.DLL+0x1259d]  (no source info available)
C  [ntdll.dll+0x5af38]  (no source info available)


siginfo: EXCEPTION_ACCESS_VIOLATION (0xc0000005), reading address 0x000000000000236c


Registers:
RAX=0x00000000000008d4, RBX=0x000000b78e0fdc41, RCX=0x00007ffd4f816000, RDX=0x00000000000008d4
RSP=0x000000b78e0fdb50, RBP=0x000000b78e0fdc40, RSI=0x00000000000077a6, RDI=0x000000b78e0fdc40
R8 =0x00007ffd4f814298, R9 =0x000000000000001c, R10=0x00007ffd46400000, R11=0x00007ffd4f816000
R12=0x0000000000000000, R13=0x000000b78e0ff6a0, R14=0x000000b78e0fecb0, R15=0x00007ffd1c9d0e30
RIP=0x00007ffd4f811b85, EFLAGS=0x0000000000010212


Top of Stack: (sp=0x000000b78e0fdb50)
0x000000b78e0fdb50:   0000000000000000 0000000000000000
0x000000b78e0fdb60:   0000000000000000 0000000000000000
0x000000b78e0fdb70:   000002a8f56eded0 00007ffd4f811d13
0x000000b78e0fdb80:   000000000000000b 000002a8f56eded0
0x000000b78e0fdb90:   0000000000000000 0000000000000000
0x000000b78e0fdba0:   0000000000000000 0000000000000000
0x000000b78e0fdbb0:   0000000000000000 0000000000000000
0x000000b78e0fdbc0:   0000000000000000 0000000000000000
0x000000b78e0fdbd0:   0000000000000000 0000000000000000
0x000000b78e0fdbe0:   000050028da5329a 0000000000000000
0x000000b78e0fdbf0:   00007ffd1c9aed50 0000000000000017
0x000000b78e0fdc00:   000002a8f56eded0 000000b78e0fecb0
0x000000b78e0fdc10:   000000000000000b 00007ffd4f8125dd
0x000000b78e0fdc20:   0000000000000000 0000000000000000
0x000000b78e0fdc30:   0000000000000000 0000000000000000
0x000000b78e0fdc40:   61622e6176616a2f 692f6b646a2f6573
0x000000b78e0fdc50:   2f6c616e7265746e 6f6974706f2f6d76
0x000000b78e0fdc60:   000000000000736e 0000000000000000
0x000000b78e0fdc70:   0000000000000000 0000000000000000
0x000000b78e0fdc80:   0000000000000000 0000000000000000
0x000000b78e0fdc90:   0000000000000000 0000000000000000
0x000000b78e0fdca0:   0000000000000000 0000000012000517
0x000000b78e0fdcb0:   0000000000000000 0000000002000002
0x000000b78e0fdcc0:   0000000000000000 0000000000000000
0x000000b78e0fdcd0:   000002a8f56e0150 000002a8f5718480
0x000000b78e0fdce0:   0000000000000000 0000000000000000
0x000000b78e0fdcf0:   0000000000000002 00007ffd5a5d472a
0x000000b78e0fdd00:   000002a8f56e02e8 000000b78e0fe039
0x000000b78e0fdd10:   000002a8f56e0000 0000000002000002
0x000000b78e0fdd20:   000002a8f5718490 000002a8f5718480
0x000000b78e0fdd30:   0000000000000080 00007ffd5a5cf966
0x000000b78e0fdd40:   000002a8f56e0000 000000b78e0fe039 

Instructions: (pc=0x00007ffd4f811b85)
0x00007ffd4f811a85:   48 85 c9 74 1d 80 3d 7f 45 00 00 00 74 06 48 8b
0x00007ffd4f811a95:   53 18 eb 04 48 8b 53 40 e8 9a 0e 00 00 48 83 63
0x00007ffd4f811aa5:   48 00 8b 4b 0c 83 f9 ff 74 09 e8 d0 0c 00 00 83
0x00007ffd4f811ab5:   4b 0c ff 48 8b 4b 70 48 85 c9 74 0f ba 10 00 00
0x00007ffd4f811ac5:   00 e8 f1 0e 00 00 48 83 63 70 00 48 83 c4 20 5b
0x00007ffd4f811ad5:   c3 cc cc 40 53 48 83 ec 20 48 8b d9 48 8d 0d 38
0x00007ffd4f811ae5:   47 00 00 e8 9f 0c 00 00 83 6b 08 01 75 24 48 8b
0x00007ffd4f811af5:   d3 48 8d 0d 1b 45 00 00 e8 22 08 00 00 48 8b cb
0x00007ffd4f811b05:   e8 d6 fe ff ff ba 78 00 00 00 48 8b cb e8 a5 0e
0x00007ffd4f811b15:   00 00 48 8d 0d 02 47 00 00 48 83 c4 20 5b e9 6c
0x00007ffd4f811b25:   0c 00 00 48 89 5c 24 08 48 89 74 24 10 57 48 83
0x00007ffd4f811b35:   ec 20 41 8b f1 4d 8b c8 48 8b fa 4c 8b d9 4d 85
0x00007ffd4f811b45:   c0 74 78 85 f6 74 74 44 8a 12 48 8d 5a 01 48 8b
0x00007ffd4f811b55:   d3 b8 93 01 00 01 eb 12 69 c0 93 01 00 01 41 0f
0x00007ffd4f811b65:   b6 ca 44 8a 12 33 c1 48 ff c2 45 84 d2 75 e9 4d
0x00007ffd4f811b75:   8b 03 0f ba f0 1f 33 d2 49 8b cb f7 f6 48 63 c2
0x00007ffd4f811b85:   41 8b 14 81 41 ff 50 08 85 c0 7e 24 8a 0f eb 10
0x00007ffd4f811b95:   69 c0 93 01 00 01 0f b6 c9 33 c1 8a 0b 48 ff c3
0x00007ffd4f811ba5:   84 c9 75 ec 0f ba f0 1f 33 d2 f7 f6 8b c2 eb 0e
0x00007ffd4f811bb5:   79 09 83 c9 ff 2b c8 8b c1 eb 03 83 c8 ff 48 8b
0x00007ffd4f811bc5:   5c 24 30 48 8b 74 24 38 48 83 c4 20 5f c3 cc 48
0x00007ffd4f811bd5:   89 5c 24 08 48 89 74 24 10 57 48 83 ec 20 48 8b
0x00007ffd4f811be5:   f1 48 8d 0d 33 46 00 00 e8 9a 0b 00 00 33 ff 39
0x00007ffd4f811bf5:   3d 1e 44 00 00 76 24 48 8b 05 1d 44 00 00 48 8b
0x00007ffd4f811c05:   d6 48 8b 1c f8 48 8b 0b e8 68 1e 00 00 85 c0 74
0x00007ffd4f811c15:   2b ff c7 3b 3d fa 43 00 00 72 dc 33 db 48 8d 0d
0x00007ffd4f811c25:   f7 45 00 00 e8 66 0b 00 00 48 8b 74 24 38 48 8b
0x00007ffd4f811c35:   c3 48 8b 5c 24 30 48 83 c4 20 5f c3 ff 43 08 eb
0x00007ffd4f811c45:   dc cc cc 48 89 5c 24 08 48 89 74 24 10 57 48 83
0x00007ffd4f811c55:   ec 20 48 8b d9 48 8b f2 48 8b 49 10 49 8b f8 8b
0x00007ffd4f811c65:   53 30 48 8b 01 ff 50 20 4c 8b 43 50 48 8b d6 48
0x00007ffd4f811c75:   8b 4b 10 44 8b c8 e8 a8 fe ff ff 83 f8 ff 74 38 



---------------  P R O C E S S  ---------------

VM state: not at safepoint (not fully initialized)

VM Mutex/Monitor currently owned by a thread: None

CDS archive(s) mapped at: [0x0000000000000000-0x0000000000000000-0x0000000000000000), size 0, SharedBaseAddress: 0x0000000800000000, ArchiveRelocationMode: 1.
Narrow klass base: 0x0000000000000000, Narrow klass shift: 0, Narrow klass range: 0x0

GC Precious Log:
<Not initialized>


Dynamic libraries:
0x00007ff6a16d0000 - 0x00007ff6a16e0000 	C:\Program Files\Java\jdk-22\bin\javaw.exe
0x00007ffd5a590000 - 0x00007ffd5a7a7000 	C:\Windows\SYSTEM32\ntdll.dll
0x00007ffd596d0000 - 0x00007ffd59794000 	C:\Windows\System32\KERNEL32.DLL
0x00007ffd57750000 - 0x00007ffd57b23000 	C:\Windows\System32\KERNELBASE.dll
0x00007ffd58110000 - 0x00007ffd58221000 	C:\Windows\System32\ucrtbase.dll
0x00007ffd45030000 - 0x00007ffd45047000 	C:\Program Files\Java\jdk-22\bin\jli.dll
0x00007ffd594b0000 - 0x00007ffd59561000 	C:\Windows\System32\ADVAPI32.dll
0x00007ffd58230000 - 0x00007ffd582d7000 	C:\Windows\System32\msvcrt.dll
0x00007ffd58b70000 - 0x00007ffd58c18000 	C:\Windows\System32\sechost.dll
0x00007ffd57b30000 - 0x00007ffd57b58000 	C:\Windows\System32\bcrypt.dll
0x00007ffd58c20000 - 0x00007ffd58d34000 	C:\Windows\System32\RPCRT4.dll
0x00007ffd46400000 - 0x00007ffd4641b000 	C:\Program Files\Java\jdk-22\bin\VCRUNTIME140.dll
0x00007ffd584a0000 - 0x00007ffd58651000 	C:\Windows\System32\USER32.dll
0x00007ffd576a0000 - 0x00007ffd576c6000 	C:\Windows\System32\win32u.dll
0x00007ffd597a0000 - 0x00007ffd597c9000 	C:\Windows\System32\GDI32.dll
0x00007ffd46b10000 - 0x00007ffd46da8000 	C:\Windows\WinSxS\amd64_microsoft.windows.common-controls_6595b64144ccf1df_6.0.22621.5124_none_270e8f4f7386d69d\COMCTL32.dll
0x00007ffd57c20000 - 0x00007ffd57d3b000 	C:\Windows\System32\gdi32full.dll
0x00007ffd57f00000 - 0x00007ffd57f9a000 	C:\Windows\System32\msvcp_win.dll
0x00007ffd4f550000 - 0x00007ffd4f55a000 	C:\Windows\SYSTEM32\VERSION.dll
0x00007ffd5a2a0000 - 0x00007ffd5a2d1000 	C:\Windows\System32\IMM32.DLL
0x00007ffd50100000 - 0x00007ffd5010c000 	C:\Program Files\Java\jdk-22\bin\vcruntime140_1.dll
0x00007ffd435d0000 - 0x00007ffd4365e000 	C:\Program Files\Java\jdk-22\bin\msvcp140.dll
0x00007ffd1c000000 - 0x00007ffd1cd47000 	C:\Program Files\Java\jdk-22\bin\server\jvm.dll
0x00007ffd58d40000 - 0x00007ffd58db1000 	C:\Windows\System32\WS2_32.dll
0x00007ffd50210000 - 0x00007ffd50244000 	C:\Windows\SYSTEM32\WINMM.dll
0x00007ffd57140000 - 0x00007ffd5718d000 	C:\Windows\SYSTEM32\POWRPROF.dll
0x00007ffd570e0000 - 0x00007ffd570f3000 	C:\Windows\SYSTEM32\UMPDC.dll
0x00007ffd566d0000 - 0x00007ffd566e8000 	C:\Windows\SYSTEM32\kernel.appcore.dll
0x00007ffd4f810000 - 0x00007ffd4f81a000 	C:\Program Files\Java\jdk-22\bin\jimage.dll
0x00007ffd4da70000 - 0x00007ffd4dca2000 	C:\Windows\SYSTEM32\DBGHELP.DLL
0x00007ffd587d0000 - 0x00007ffd58b62000 	C:\Windows\System32\combase.dll
0x00007ffd59570000 - 0x00007ffd59647000 	C:\Windows\System32\OLEAUT32.dll
0x00007ffd3fe10000 - 0x00007ffd3fe42000 	C:\Windows\SYSTEM32\dbgcore.DLL
0x00007ffd576d0000 - 0x00007ffd5774b000 	C:\Windows\System32\bcryptPrimitives.dll

dbghelp: loaded successfully - version: 4.0.5 - missing functions: none
symbol engine: initialized successfully - sym options: 0x614 - pdb path: .;C:\Program Files\Java\jdk-22\bin;C:\Windows\SYSTEM32;C:\Windows\WinSxS\amd64_microsoft.windows.common-controls_6595b64144ccf1df_6.0.22621.5124_none_270e8f4f7386d69d;C:\Program Files\Java\jdk-22\bin\server

VM Arguments:
java_command: <unknown>
java_class_path (initial): <not set>
Launcher Type: SUN_STANDARD

[Global flags]
     bool UseLargePagesIndividualAllocation        = false                                  {pd product} {ergonomic}

Logging:
Log output configuration:
 #0: stdout all=warning uptime,level,tags foldmultilines=false
 #1: stderr all=off uptime,level,tags foldmultilines=false

Environment Variables:
JAVA_HOME=C:\Program Files\Java\jdk-22
PATH=C:/eclipse//plugins/org.eclipse.justj.openjdk.hotspot.jre.full.win32.x86_64_21.0.6.v20250130-0529/jre/bin/server;C:/eclipse//plugins/org.eclipse.justj.openjdk.hotspot.jre.full.win32.x86_64_21.0.6.v20250130-0529/jre/bin;C:\Program Files\Common Files\Oracle\Java\javapath;C:\Windows\system32;C:\Windows;C:\Windows\System32\Wbem;C:\Windows\System32\WindowsPowerShell\v1.0\;C:\Windows\System32\OpenSSH\;C:\MinGW\bin;C:\Program Files\Java\jdk-22\bin;C:\Program Files\dotnet\;C:\Program Files (x86)\Microsoft SQL Server\160\Tools\Binn\;C:\Program Files\Microsoft SQL Server\160\Tools\Binn\;C:\Program Files\Microsoft SQL Server\Client SDK\ODBC\170\Tools\Binn\;C:\Program Files\Microsoft SQL Server\160\DTS\Binn\;C:\Program Files (x86)\Microsoft SQL Server\160\DTS\Binn\;C:\Program Files\Git\cmd;C:\Program Files\nodejs\;C:\ProgramData\chocolatey\bin;C:\Users\WELLINGTON\AppData\Local\Programs\Python\Python312\Scripts\;C:\Users\WELLINGTON\AppData\Local\Programs\Python\Python312\;C:\Users\WELLINGTON\AppData\Local\Microsoft\WindowsApps;C:\Users\WELLINGTON\AppData\Local\Programs\Microsoft VS Code\bin;C:\Users\WELLINGTON\.dotnet\tools;C:\Users\WELLINGTON\AppData\Roaming\npm;C:\eclipse;
USERNAME=WELLINGTON
OS=Windows_NT
PROCESSOR_IDENTIFIER=AMD64 Family 23 Model 104 Stepping 1, AuthenticAMD
TMP=C:\Users\WELLIN~1\AppData\Local\Temp
TEMP=C:\Users\WELLIN~1\AppData\Local\Temp




Periodic native trim disabled

---------------  S Y S T E M  ---------------

OS:
 Windows 11 , 64 bit Build 22621 (10.0.22621.5124)
OS uptime: 0 days 0:18 hours

CPU: total 16 (initial active 0) 
Processor Information for all 16 processors :
  Max Mhz: 1801, Current Mhz: 1801, Mhz Limit: 1801

Memory: 4k page, system-wide physical 10085M (238M free)
TotalPageFile size 40805M (AvailPageFile size 294M)
current process WorkingSet (physical memory assigned to process): 9M, peak: 9M
current process commit charge ("private bytes"): 3M, peak: 3M

vm_info: Java HotSpot(TM) 64-Bit Server VM (22.0.1+8-16) for windows-amd64 JRE (22.0.1+8-16), built on 2024-03-12T10:33:16Z by "mach5one" with MS VC++ 17.6 (VS2022)

END.
