#
# There is insufficient memory for the Java Runtime Environment to continue.
# Native memory allocation (malloc) failed to allocate 32744 bytes. Error detail: Chunk::new
# Possible reasons:
#   The system is out of physical RAM or swap space
#   This process is running with CompressedOops enabled, and the Java Heap may be blocking the growth of the native heap
# Possible solutions:
#   Reduce memory load on the system
#   Increase physical memory or swap space
#   Check if swap backing store is full
#   Decrease Java heap size (-Xmx/-Xms)
#   Decrease number of Java threads
#   Decrease Java thread stack sizes (-Xss)
#   Set larger code cache with -XX:ReservedCodeCacheSize=
#   JVM is running with Zero Based Compressed Oops mode in which the Java heap is
#     placed in the first 32GB address space. The Java Heap base address is the
#     maximum limit for the native heap growth. Please use -XX:HeapBaseMinAddress
#     to set the Java Heap base and to place the Java Heap above 32GB virtual address.
# This output file may be truncated or incomplete.
#
#  Out of Memory Error (arena.cpp:150), pid=26956, tid=31664
#
# JRE version: Java(TM) SE Runtime Environment (22.0.1+8) (build 22.0.1+8-16)
# Java VM: Java HotSpot(TM) 64-Bit Server VM (22.0.1+8-16, mixed mode, sharing, tiered, compressed oops, compressed class ptrs, g1 gc, windows-amd64)
# No core dump will be written. Minidumps are not enabled by default on client versions of Windows
#

---------------  S U M M A R Y ------------

Command Line: -Dfile.encoding=UTF-8 -Dstdout.encoding=UTF-8 -Dstderr.encoding=UTF-8 --module-path=C:\Users\WELLINGTON\Desktop\estudos\ws--java\diagonal_principal\bin -XX:+ShowCodeDetailsInExceptionMessages -Djdk.module.main=diagonal_principal diagonal_principal/application.Program

Host: AMD Ryzen 7 5700U with Radeon Graphics         , 16 cores, 9G,  Windows 11 , 64 bit Build 22621 (10.0.22621.5124)
Time: Thu Apr 10 09:46:54 2025 Hora oficial do Brasil elapsed time: 2.278452 seconds (0d 0h 0m 2s)

---------------  T H R E A D  ---------------

Current thread (0x00000266ff164e50):  JavaThread "C2 CompilerThread0" daemon [_thread_in_native, id=31664, stack(0x000000dec4900000,0x000000dec4a00000) (1024K)]


Current CompileTask:
C2:2278  181       4       java.lang.String::hashCode (60 bytes)

Stack: [0x000000dec4900000,0x000000dec4a00000]
Native frames: (J=compiled Java code, j=interpreted, Vv=VM code, C=native code)
V  [jvm.dll+0x6e2279]  (no source info available)
V  [jvm.dll+0x874e33]  (no source info available)
V  [jvm.dll+0x87725e]  (no source info available)
V  [jvm.dll+0x877933]  (no source info available)
V  [jvm.dll+0x27fd76]  (no source info available)
V  [jvm.dll+0xc3d0f]  (no source info available)
V  [jvm.dll+0xc3f6b]  (no source info available)
V  [jvm.dll+0x66bf5b]  (no source info available)
V  [jvm.dll+0x66c0ff]  (no source info available)
V  [jvm.dll+0x671b79]  (no source info available)
V  [jvm.dll+0x672ba9]  (no source info available)
V  [jvm.dll+0x670ee5]  (no source info available)
V  [jvm.dll+0x247797]  (no source info available)
V  [jvm.dll+0x246fbf]  (no source info available)
V  [jvm.dll+0x1c4e90]  (no source info available)
V  [jvm.dll+0x2569fe]  (no source info available)
V  [jvm.dll+0x254cba]  (no source info available)
V  [jvm.dll+0x3f5336]  (no source info available)
V  [jvm.dll+0x81d44b]  (no source info available)
V  [jvm.dll+0x6e0915]  (no source info available)
C  [ucrtbase.dll+0x29333]  (no source info available)
C  [KERNEL32.DLL+0x1259d]  (no source info available)
C  [ntdll.dll+0x5af38]  (no source info available)


---------------  P R O C E S S  ---------------

Threads class SMR info:
_java_thread_list=0x00000266d41db300, length=10, elements={
0x00000266ee20cc20, 0x00000266ff15a150, 0x00000266ff15c170, 0x00000266ff15e0f0,
0x00000266ff15f620, 0x00000266ff1622f0, 0x00000266ff1640c0, 0x00000266ff164e50,
0x00000266d4135af0, 0x00000266d41de4a0
}

Java Threads: ( => current thread )
  0x00000266ee20cc20 JavaThread "main"                              [_thread_in_vm, id=27020, stack(0x000000dec3b00000,0x000000dec3c00000) (1024K)]
  0x00000266ff15a150 JavaThread "Reference Handler"          daemon [_thread_blocked, id=31640, stack(0x000000dec4300000,0x000000dec4400000) (1024K)]
  0x00000266ff15c170 JavaThread "Finalizer"                  daemon [_thread_blocked, id=31644, stack(0x000000dec4400000,0x000000dec4500000) (1024K)]
  0x00000266ff15e0f0 JavaThread "Signal Dispatcher"          daemon [_thread_blocked, id=31648, stack(0x000000dec4500000,0x000000dec4600000) (1024K)]
  0x00000266ff15f620 JavaThread "Attach Listener"            daemon [_thread_blocked, id=31652, stack(0x000000dec4600000,0x000000dec4700000) (1024K)]
  0x00000266ff1622f0 JavaThread "Service Thread"             daemon [_thread_blocked, id=31656, stack(0x000000dec4700000,0x000000dec4800000) (1024K)]
  0x00000266ff1640c0 JavaThread "Monitor Deflation Thread"   daemon [_thread_blocked, id=31660, stack(0x000000dec4800000,0x000000dec4900000) (1024K)]
=>0x00000266ff164e50 JavaThread "C2 CompilerThread0"         daemon [_thread_in_native, id=31664, stack(0x000000dec4900000,0x000000dec4a00000) (1024K)]
  0x00000266d4135af0 JavaThread "C1 CompilerThread0"         daemon [_thread_in_native, id=31268, stack(0x000000dec4a00000,0x000000dec4b00000) (1024K)]
  0x00000266d41de4a0 JavaThread "Common-Cleaner"             daemon [_thread_blocked, id=5144, stack(0x000000dec4b00000,0x000000dec4c00000) (1024K)]
Total: 10

Other Threads:
  0x00000266ff13b140 VMThread "VM Thread"                           [id=31552, stack(0x000000dec4200000,0x000000dec4300000) (1024K)]
  0x00000266ff11ecf0 WatcherThread "VM Periodic Task Thread"        [id=31544, stack(0x000000dec4100000,0x000000dec4200000) (1024K)]
  0x00000266f0533cc0 WorkerThread "GC Thread#0"                     [id=29180, stack(0x000000dec3c00000,0x000000dec3d00000) (1024K)]
  0x00000266f053ea40 ConcurrentGCThread "G1 Main Marker"            [id=29188, stack(0x000000dec3d00000,0x000000dec3e00000) (1024K)]
  0x00000266f053f550 WorkerThread "G1 Conc#0"                       [id=29192, stack(0x000000dec3e00000,0x000000dec3f00000) (1024K)]
  0x00000266f05ad670 ConcurrentGCThread "G1 Refine#0"               [id=29196, stack(0x000000dec3f00000,0x000000dec4000000) (1024K)]
  0x00000266f05ae1f0 ConcurrentGCThread "G1 Service"                [id=29200, stack(0x000000dec4000000,0x000000dec4100000) (1024K)]
Total: 7

Threads with active compile tasks:
C2 CompilerThread0  2295  181       4       java.lang.String::hashCode (60 bytes)
C1 CompilerThread0  2295  184       3       java.util.HashMap::resize (356 bytes)
Total: 2

VM state: not at safepoint (normal execution)

VM Mutex/Monitor currently owned by a thread: None

Heap address: 0x0000000762600000, size: 2522 MB, Compressed Oops mode: Zero based, Oop shift amount: 3

CDS archive(s) mapped at: [0x000002668f000000-0x000002668fc60000-0x000002668fc60000), size 12976128, SharedBaseAddress: 0x000002668f000000, ArchiveRelocationMode: 1.
Compressed class space mapped at: 0x0000026690000000-0x00000266d0000000, reserved size: 1073741824
Narrow klass base: 0x000002668f000000, Narrow klass shift: 0, Narrow klass range: 0x41000000

GC Precious Log:
 CardTable entry size: 512
 Card Set container configuration: InlinePtr #cards 4 size 8 Array Of Cards #cards 16 size 48 Howl #buckets 8 coarsen threshold 3686 Howl Bitmap #cards 512 size 80 coarsen threshold 460 Card regions per heap region 1 cards per card region 4096
 CPUs: 16 total, 16 available
 Memory: 10085M
 Large Page Support: Disabled
 NUMA Support: Disabled
 Compressed Oops: Enabled (Zero based)
 Heap Region Size: 2M
 Heap Min Capacity: 8M
 Heap Initial Capacity: 158M
 Heap Max Capacity: 2522M
 Pre-touch: Disabled
 Parallel Workers: 13
 Concurrent Workers: 3
 Concurrent Refinement Workers: 13
 Periodic GC: Disabled

Heap:
 garbage-first heap   total reserved 2582528K, committed 161792K, used 2048K [0x0000000762600000, 0x0000000800000000)
  region size 2048K, 2 young (4096K), 0 survivors (0K)
 Metaspace       used 631K, committed 768K, reserved 1114112K
  class space    used 54K, committed 128K, reserved 1048576K

Heap Regions: E=young(eden), S=young(survivor), O=old, HS=humongous(starts), HC=humongous(continues), CS=collection set, F=free, TAMS=top-at-mark-start, PB=parsable bottom
|   0|0x0000000762600000, 0x0000000762600000, 0x0000000762800000|  0%| F|  |TAMS 0x0000000762600000| PB 0x0000000762600000| Untracked |  0
|   1|0x0000000762800000, 0x0000000762800000, 0x0000000762a00000|  0%| F|  |TAMS 0x0000000762800000| PB 0x0000000762800000| Untracked |  0
|   2|0x0000000762a00000, 0x0000000762a00000, 0x0000000762c00000|  0%| F|  |TAMS 0x0000000762a00000| PB 0x0000000762a00000| Untracked |  0
|   3|0x0000000762c00000, 0x0000000762c00000, 0x0000000762e00000|  0%| F|  |TAMS 0x0000000762c00000| PB 0x0000000762c00000| Untracked |  0
|   4|0x0000000762e00000, 0x0000000762e00000, 0x0000000763000000|  0%| F|  |TAMS 0x0000000762e00000| PB 0x0000000762e00000| Untracked |  0
|   5|0x0000000763000000, 0x0000000763000000, 0x0000000763200000|  0%| F|  |TAMS 0x0000000763000000| PB 0x0000000763000000| Untracked |  0
|   6|0x0000000763200000, 0x0000000763200000, 0x0000000763400000|  0%| F|  |TAMS 0x0000000763200000| PB 0x0000000763200000| Untracked |  0
|   7|0x0000000763400000, 0x0000000763400000, 0x0000000763600000|  0%| F|  |TAMS 0x0000000763400000| PB 0x0000000763400000| Untracked |  0
|   8|0x0000000763600000, 0x0000000763600000, 0x0000000763800000|  0%| F|  |TAMS 0x0000000763600000| PB 0x0000000763600000| Untracked |  0
|   9|0x0000000763800000, 0x0000000763800000, 0x0000000763a00000|  0%| F|  |TAMS 0x0000000763800000| PB 0x0000000763800000| Untracked |  0
|  10|0x0000000763a00000, 0x0000000763a00000, 0x0000000763c00000|  0%| F|  |TAMS 0x0000000763a00000| PB 0x0000000763a00000| Untracked |  0
|  11|0x0000000763c00000, 0x0000000763c00000, 0x0000000763e00000|  0%| F|  |TAMS 0x0000000763c00000| PB 0x0000000763c00000| Untracked |  0
|  12|0x0000000763e00000, 0x0000000763e00000, 0x0000000764000000|  0%| F|  |TAMS 0x0000000763e00000| PB 0x0000000763e00000| Untracked |  0
|  13|0x0000000764000000, 0x0000000764000000, 0x0000000764200000|  0%| F|  |TAMS 0x0000000764000000| PB 0x0000000764000000| Untracked |  0
|  14|0x0000000764200000, 0x0000000764200000, 0x0000000764400000|  0%| F|  |TAMS 0x0000000764200000| PB 0x0000000764200000| Untracked |  0
|  15|0x0000000764400000, 0x0000000764400000, 0x0000000764600000|  0%| F|  |TAMS 0x0000000764400000| PB 0x0000000764400000| Untracked |  0
|  16|0x0000000764600000, 0x0000000764600000, 0x0000000764800000|  0%| F|  |TAMS 0x0000000764600000| PB 0x0000000764600000| Untracked |  0
|  17|0x0000000764800000, 0x0000000764800000, 0x0000000764a00000|  0%| F|  |TAMS 0x0000000764800000| PB 0x0000000764800000| Untracked |  0
|  18|0x0000000764a00000, 0x0000000764a00000, 0x0000000764c00000|  0%| F|  |TAMS 0x0000000764a00000| PB 0x0000000764a00000| Untracked |  0
|  19|0x0000000764c00000, 0x0000000764c00000, 0x0000000764e00000|  0%| F|  |TAMS 0x0000000764c00000| PB 0x0000000764c00000| Untracked |  0
|  20|0x0000000764e00000, 0x0000000764e00000, 0x0000000765000000|  0%| F|  |TAMS 0x0000000764e00000| PB 0x0000000764e00000| Untracked |  0
|  21|0x0000000765000000, 0x0000000765000000, 0x0000000765200000|  0%| F|  |TAMS 0x0000000765000000| PB 0x0000000765000000| Untracked |  0
|  22|0x0000000765200000, 0x0000000765200000, 0x0000000765400000|  0%| F|  |TAMS 0x0000000765200000| PB 0x0000000765200000| Untracked |  0
|  23|0x0000000765400000, 0x0000000765400000, 0x0000000765600000|  0%| F|  |TAMS 0x0000000765400000| PB 0x0000000765400000| Untracked |  0
|  24|0x0000000765600000, 0x0000000765600000, 0x0000000765800000|  0%| F|  |TAMS 0x0000000765600000| PB 0x0000000765600000| Untracked |  0
|  25|0x0000000765800000, 0x0000000765800000, 0x0000000765a00000|  0%| F|  |TAMS 0x0000000765800000| PB 0x0000000765800000| Untracked |  0
|  26|0x0000000765a00000, 0x0000000765a00000, 0x0000000765c00000|  0%| F|  |TAMS 0x0000000765a00000| PB 0x0000000765a00000| Untracked |  0
|  27|0x0000000765c00000, 0x0000000765c00000, 0x0000000765e00000|  0%| F|  |TAMS 0x0000000765c00000| PB 0x0000000765c00000| Untracked |  0
|  28|0x0000000765e00000, 0x0000000765e00000, 0x0000000766000000|  0%| F|  |TAMS 0x0000000765e00000| PB 0x0000000765e00000| Untracked |  0
|  29|0x0000000766000000, 0x0000000766000000, 0x0000000766200000|  0%| F|  |TAMS 0x0000000766000000| PB 0x0000000766000000| Untracked |  0
|  30|0x0000000766200000, 0x0000000766200000, 0x0000000766400000|  0%| F|  |TAMS 0x0000000766200000| PB 0x0000000766200000| Untracked |  0
|  31|0x0000000766400000, 0x0000000766400000, 0x0000000766600000|  0%| F|  |TAMS 0x0000000766400000| PB 0x0000000766400000| Untracked |  0
|  32|0x0000000766600000, 0x0000000766600000, 0x0000000766800000|  0%| F|  |TAMS 0x0000000766600000| PB 0x0000000766600000| Untracked |  0
|  33|0x0000000766800000, 0x0000000766800000, 0x0000000766a00000|  0%| F|  |TAMS 0x0000000766800000| PB 0x0000000766800000| Untracked |  0
|  34|0x0000000766a00000, 0x0000000766a00000, 0x0000000766c00000|  0%| F|  |TAMS 0x0000000766a00000| PB 0x0000000766a00000| Untracked |  0
|  35|0x0000000766c00000, 0x0000000766c00000, 0x0000000766e00000|  0%| F|  |TAMS 0x0000000766c00000| PB 0x0000000766c00000| Untracked |  0
|  36|0x0000000766e00000, 0x0000000766e00000, 0x0000000767000000|  0%| F|  |TAMS 0x0000000766e00000| PB 0x0000000766e00000| Untracked |  0
|  37|0x0000000767000000, 0x0000000767000000, 0x0000000767200000|  0%| F|  |TAMS 0x0000000767000000| PB 0x0000000767000000| Untracked |  0
|  38|0x0000000767200000, 0x0000000767200000, 0x0000000767400000|  0%| F|  |TAMS 0x0000000767200000| PB 0x0000000767200000| Untracked |  0
|  39|0x0000000767400000, 0x0000000767400000, 0x0000000767600000|  0%| F|  |TAMS 0x0000000767400000| PB 0x0000000767400000| Untracked |  0
|  40|0x0000000767600000, 0x0000000767600000, 0x0000000767800000|  0%| F|  |TAMS 0x0000000767600000| PB 0x0000000767600000| Untracked |  0
|  41|0x0000000767800000, 0x0000000767800000, 0x0000000767a00000|  0%| F|  |TAMS 0x0000000767800000| PB 0x0000000767800000| Untracked |  0
|  42|0x0000000767a00000, 0x0000000767a00000, 0x0000000767c00000|  0%| F|  |TAMS 0x0000000767a00000| PB 0x0000000767a00000| Untracked |  0
|  43|0x0000000767c00000, 0x0000000767c00000, 0x0000000767e00000|  0%| F|  |TAMS 0x0000000767c00000| PB 0x0000000767c00000| Untracked |  0
|  44|0x0000000767e00000, 0x0000000767e00000, 0x0000000768000000|  0%| F|  |TAMS 0x0000000767e00000| PB 0x0000000767e00000| Untracked |  0
|  45|0x0000000768000000, 0x0000000768000000, 0x0000000768200000|  0%| F|  |TAMS 0x0000000768000000| PB 0x0000000768000000| Untracked |  0
|  46|0x0000000768200000, 0x0000000768200000, 0x0000000768400000|  0%| F|  |TAMS 0x0000000768200000| PB 0x0000000768200000| Untracked |  0
|  47|0x0000000768400000, 0x0000000768400000, 0x0000000768600000|  0%| F|  |TAMS 0x0000000768400000| PB 0x0000000768400000| Untracked |  0
|  48|0x0000000768600000, 0x0000000768600000, 0x0000000768800000|  0%| F|  |TAMS 0x0000000768600000| PB 0x0000000768600000| Untracked |  0
|  49|0x0000000768800000, 0x0000000768800000, 0x0000000768a00000|  0%| F|  |TAMS 0x0000000768800000| PB 0x0000000768800000| Untracked |  0
|  50|0x0000000768a00000, 0x0000000768a00000, 0x0000000768c00000|  0%| F|  |TAMS 0x0000000768a00000| PB 0x0000000768a00000| Untracked |  0
|  51|0x0000000768c00000, 0x0000000768c00000, 0x0000000768e00000|  0%| F|  |TAMS 0x0000000768c00000| PB 0x0000000768c00000| Untracked |  0
|  52|0x0000000768e00000, 0x0000000768e00000, 0x0000000769000000|  0%| F|  |TAMS 0x0000000768e00000| PB 0x0000000768e00000| Untracked |  0
|  53|0x0000000769000000, 0x0000000769000000, 0x0000000769200000|  0%| F|  |TAMS 0x0000000769000000| PB 0x0000000769000000| Untracked |  0
|  54|0x0000000769200000, 0x0000000769200000, 0x0000000769400000|  0%| F|  |TAMS 0x0000000769200000| PB 0x0000000769200000| Untracked |  0
|  55|0x0000000769400000, 0x0000000769400000, 0x0000000769600000|  0%| F|  |TAMS 0x0000000769400000| PB 0x0000000769400000| Untracked |  0
|  56|0x0000000769600000, 0x0000000769600000, 0x0000000769800000|  0%| F|  |TAMS 0x0000000769600000| PB 0x0000000769600000| Untracked |  0
|  57|0x0000000769800000, 0x0000000769800000, 0x0000000769a00000|  0%| F|  |TAMS 0x0000000769800000| PB 0x0000000769800000| Untracked |  0
|  58|0x0000000769a00000, 0x0000000769a00000, 0x0000000769c00000|  0%| F|  |TAMS 0x0000000769a00000| PB 0x0000000769a00000| Untracked |  0
|  59|0x0000000769c00000, 0x0000000769c00000, 0x0000000769e00000|  0%| F|  |TAMS 0x0000000769c00000| PB 0x0000000769c00000| Untracked |  0
|  60|0x0000000769e00000, 0x0000000769e00000, 0x000000076a000000|  0%| F|  |TAMS 0x0000000769e00000| PB 0x0000000769e00000| Untracked |  0
|  61|0x000000076a000000, 0x000000076a000000, 0x000000076a200000|  0%| F|  |TAMS 0x000000076a000000| PB 0x000000076a000000| Untracked |  0
|  62|0x000000076a200000, 0x000000076a200000, 0x000000076a400000|  0%| F|  |TAMS 0x000000076a200000| PB 0x000000076a200000| Untracked |  0
|  63|0x000000076a400000, 0x000000076a400000, 0x000000076a600000|  0%| F|  |TAMS 0x000000076a400000| PB 0x000000076a400000| Untracked |  0
|  64|0x000000076a600000, 0x000000076a600000, 0x000000076a800000|  0%| F|  |TAMS 0x000000076a600000| PB 0x000000076a600000| Untracked |  0
|  65|0x000000076a800000, 0x000000076a800000, 0x000000076aa00000|  0%| F|  |TAMS 0x000000076a800000| PB 0x000000076a800000| Untracked |  0
|  66|0x000000076aa00000, 0x000000076aa00000, 0x000000076ac00000|  0%| F|  |TAMS 0x000000076aa00000| PB 0x000000076aa00000| Untracked |  0
|  67|0x000000076ac00000, 0x000000076ac00000, 0x000000076ae00000|  0%| F|  |TAMS 0x000000076ac00000| PB 0x000000076ac00000| Untracked |  0
|  68|0x000000076ae00000, 0x000000076ae00000, 0x000000076b000000|  0%| F|  |TAMS 0x000000076ae00000| PB 0x000000076ae00000| Untracked |  0
|  69|0x000000076b000000, 0x000000076b000000, 0x000000076b200000|  0%| F|  |TAMS 0x000000076b000000| PB 0x000000076b000000| Untracked |  0
|  70|0x000000076b200000, 0x000000076b200000, 0x000000076b400000|  0%| F|  |TAMS 0x000000076b200000| PB 0x000000076b200000| Untracked |  0
|  71|0x000000076b400000, 0x000000076b400000, 0x000000076b600000|  0%| F|  |TAMS 0x000000076b400000| PB 0x000000076b400000| Untracked |  0
|  72|0x000000076b600000, 0x000000076b600000, 0x000000076b800000|  0%| F|  |TAMS 0x000000076b600000| PB 0x000000076b600000| Untracked |  0
|  73|0x000000076b800000, 0x000000076b800000, 0x000000076ba00000|  0%| F|  |TAMS 0x000000076b800000| PB 0x000000076b800000| Untracked |  0
|  74|0x000000076ba00000, 0x000000076ba00000, 0x000000076bc00000|  0%| F|  |TAMS 0x000000076ba00000| PB 0x000000076ba00000| Untracked |  0
|  75|0x000000076bc00000, 0x000000076bc00000, 0x000000076be00000|  0%| F|  |TAMS 0x000000076bc00000| PB 0x000000076bc00000| Untracked |  0
|  76|0x000000076be00000, 0x000000076be00000, 0x000000076c000000|  0%| F|  |TAMS 0x000000076be00000| PB 0x000000076be00000| Untracked |  0
|  77|0x000000076c000000, 0x000000076c170b38, 0x000000076c200000| 72%| E|  |TAMS 0x000000076c000000| PB 0x000000076c000000| Complete |  0
|  78|0x000000076c200000, 0x000000076c400000, 0x000000076c400000|100%| E|CS|TAMS 0x000000076c200000| PB 0x000000076c200000| Complete |  0

Card table byte_map: [0x00000266f95a0000,0x00000266f9a90000] _byte_map_base: 0x00000266f5a8d000

Marking Bits: (CMBitMap*) 0x00000266f05343d0
 Bits: [0x00000266f9a90000, 0x00000266fc1f8000)

Polling page: 0x00000266ee470000

Metaspace:

Usage:
  Non-class:    576.72 KB used.
      Class:     54.95 KB used.
       Both:    631.67 KB used.

Virtual space:
  Non-class space:       64.00 MB reserved,     640.00 KB ( <1%) committed,  1 nodes.
      Class space:        1.00 GB reserved,     128.00 KB ( <1%) committed,  1 nodes.
             Both:        1.06 GB reserved,     768.00 KB ( <1%) committed. 

Chunk freelists:
   Non-Class:  11.99 MB
       Class:  15.74 MB
        Both:  27.73 MB

MaxMetaspaceSize: unlimited
CompressedClassSpaceSize: 1.00 GB
Initial GC threshold: 21.00 MB
Current GC threshold: 21.00 MB
CDS: on
 - commit_granule_bytes: 65536.
 - commit_granule_words: 8192.
 - virtual_space_node_default_size: 8388608.
 - enlarge_chunks_in_place: 1.
 - use_allocation_guard: 0.


Internal statistics:

num_allocs_failed_limit: 0.
num_arena_births: 12.
num_arena_deaths: 0.
num_vsnodes_births: 2.
num_vsnodes_deaths: 0.
num_space_committed: 12.
num_space_uncommitted: 0.
num_chunks_returned_to_freelist: 0.
num_chunks_taken_from_freelist: 13.
num_chunk_merges: 0.
num_chunk_splits: 9.
num_chunks_enlarged: 5.
num_inconsistent_stats: 0.

CodeHeap 'non-profiled nmethods': size=119168Kb used=45Kb max_used=45Kb free=119122Kb
 bounds [0x0000026687ba0000, 0x0000026687e10000, 0x000002668f000000]
CodeHeap 'profiled nmethods': size=119104Kb used=216Kb max_used=216Kb free=118888Kb
 bounds [0x0000026680000000, 0x0000026680270000, 0x0000026687450000]
CodeHeap 'non-nmethods': size=7488Kb used=1294Kb max_used=1307Kb free=6194Kb
 bounds [0x0000026687450000, 0x00000266876c0000, 0x0000026687ba0000]
 total_blobs=586 nmethods=177 adapters=314
 compilation: enabled
              stopped_count=0, restarted_count=0
 full_count=0

Compilation events (20 events):
Event: 2.273 Thread 0x00000266d4135af0  169       1       java.util.HashMap$Node::getValue (5 bytes)
Event: 2.273 Thread 0x00000266d4135af0 nmethod 169 0x0000026687baad90 code [0x0000026687baaf20, 0x0000026687baaff0]
Event: 2.273 Thread 0x00000266d4135af0  164       1       java.lang.module.ModuleDescriptor::requires (5 bytes)
Event: 2.273 Thread 0x00000266d4135af0 nmethod 164 0x0000026687bab090 code [0x0000026687bab220, 0x0000026687bab2f0]
Event: 2.273 Thread 0x00000266d4135af0  166       3       java.util.ImmutableCollections$Set12$1::next (95 bytes)
Event: 2.273 Thread 0x00000266d4135af0 nmethod 166 0x0000026680033f90 code [0x0000026680034160, 0x00000266800343f0]
Event: 2.275 Thread 0x00000266d4135af0  172       3       java.util.ImmutableCollections$SetN::contains (26 bytes)
Event: 2.275 Thread 0x00000266d4135af0 nmethod 172 0x0000026680034510 code [0x00000266800346e0, 0x0000026680034a08]
Event: 2.275 Thread 0x00000266d4135af0  175       3       java.lang.module.ModuleDescriptor$Exports::isQualified (18 bytes)
Event: 2.275 Thread 0x00000266ff164e50  179       4       java.util.HashMap::afterNodeInsertion (1 bytes)
Event: 2.275 Thread 0x00000266d4135af0 nmethod 175 0x0000026680034b10 code [0x0000026680034cc0, 0x0000026680034ef0]
Event: 2.275 Thread 0x00000266d4135af0  177       3       java.util.ImmutableCollections$SetN::isEmpty (13 bytes)
Event: 2.275 Thread 0x00000266d4135af0 nmethod 177 0x0000026680034f90 code [0x0000026680035120, 0x0000026680035280]
Event: 2.275 Thread 0x00000266d4135af0  178       3       java.util.HashMap::putIfAbsent (13 bytes)
Event: 2.275 Thread 0x00000266ff164e50 nmethod 179 0x0000026687bab390 code [0x0000026687bab500, 0x0000026687bab588]
Event: 2.276 Thread 0x00000266ff164e50  181       4       java.lang.String::hashCode (60 bytes)
Event: 2.276 Thread 0x00000266d4135af0 nmethod 178 0x0000026680035310 code [0x00000266800354e0, 0x00000266800357e8]
Event: 2.276 Thread 0x00000266d4135af0  182       3       java.util.HashMap$HashIterator::<init> (79 bytes)
Event: 2.276 Thread 0x00000266d4135af0 nmethod 182 0x0000026680035910 code [0x0000026680035ac0, 0x0000026680035ed8]
Event: 2.276 Thread 0x00000266d4135af0  184       3       java.util.HashMap::resize (356 bytes)

GC Heap History (0 events):
No events

Dll operation events (4 events):
Event: 0.601 Loaded shared library C:\Program Files\Java\jdk-22\bin\java.dll
Event: 1.591 Loaded shared library C:\Program Files\Java\jdk-22\bin\jsvml.dll
Event: 1.927 Loaded shared library C:\Program Files\Java\jdk-22\bin\net.dll
Event: 1.937 Loaded shared library C:\Program Files\Java\jdk-22\bin\nio.dll

Deoptimization events (0 events):
No events

Classes loaded (20 events):
Event: 2.006 Loading class java/nio/file/DirectoryStream$Filter done
Event: 2.006 Loading class java/nio/file/Files$AcceptAllFilter done
Event: 2.006 Loading class sun/nio/fs/WindowsDirectoryStream
Event: 2.006 Loading class java/nio/file/DirectoryStream
Event: 2.006 Loading class java/nio/file/DirectoryStream done
Event: 2.006 Loading class sun/nio/fs/WindowsDirectoryStream done
Event: 2.006 Loading class java/nio/file/FileTreeWalker$DirectoryNode
Event: 2.007 Loading class java/nio/file/FileTreeWalker$DirectoryNode done
Event: 2.007 Loading class sun/nio/fs/WindowsDirectoryStream$WindowsDirectoryIterator
Event: 2.007 Loading class sun/nio/fs/WindowsDirectoryStream$WindowsDirectoryIterator done
Event: 2.007 Loading class java/nio/file/FileTreeWalker$Event
Event: 2.007 Loading class java/nio/file/FileTreeWalker$Event done
Event: 2.007 Loading class java/nio/file/FileTreeWalker$EventType
Event: 2.007 Loading class java/nio/file/FileTreeWalker$EventType done
Event: 2.252 Loading class sun/nio/fs/WindowsPath$WindowsPathWithAttributes
Event: 2.254 Loading class sun/nio/fs/BasicFileAttributesHolder
Event: 2.254 Loading class sun/nio/fs/BasicFileAttributesHolder done
Event: 2.255 Loading class sun/nio/fs/WindowsPath$WindowsPathWithAttributes done
Event: 2.269 Loading class jdk/internal/module/ModuleReferenceImpl$CachedHash
Event: 2.269 Loading class jdk/internal/module/ModuleReferenceImpl$CachedHash done

Classes unloaded (0 events):
No events

Classes redefined (0 events):
No events

Internal exceptions (2 events):
Event: 2.052 Thread 0x00000266ee20cc20 Exception <a 'java/lang/NoSuchMethodError'{0x000000076c09ab38}: 'void java.lang.invoke.DirectMethodHandle$Holder.invokeVirtual(java.lang.Object, java.lang.Object)'> (0x000000076c09ab38) 
thrown [s\open\src\hotspot\share\interpreter\linkResolver.cpp, line 774]
Event: 2.220 Thread 0x00000266ee20cc20 Exception <a 'java/lang/NoSuchMethodError'{0x000000076c0a6028}: 'java.lang.Object java.lang.invoke.DirectMethodHandle$Holder.invokeInterface(java.lang.Object, java.lang.Object, java.lang.Object)'> (0x000000076c0a6028) 
thrown [s\open\src\hotspot\share\interpreter\linkResolver.cpp, line 774]

ZGC Phase Switch (0 events):
No events

VM Operations (2 events):
Event: 2.268 Executing VM operation: HandshakeAllThreads (Deoptimize)
Event: 2.268 Executing VM operation: HandshakeAllThreads (Deoptimize) done

Events (10 events):
Event: 1.556 Thread 0x00000266ee20cc20 Thread added: 0x00000266ee20cc20
Event: 1.588 Thread 0x00000266ff15a150 Thread added: 0x00000266ff15a150
Event: 1.588 Thread 0x00000266ff15c170 Thread added: 0x00000266ff15c170
Event: 1.589 Thread 0x00000266ff15e0f0 Thread added: 0x00000266ff15e0f0
Event: 1.589 Thread 0x00000266ff15f620 Thread added: 0x00000266ff15f620
Event: 1.589 Thread 0x00000266ff1622f0 Thread added: 0x00000266ff1622f0
Event: 1.589 Thread 0x00000266ff1640c0 Thread added: 0x00000266ff1640c0
Event: 1.589 Thread 0x00000266ff164e50 Thread added: 0x00000266ff164e50
Event: 1.689 Thread 0x00000266d4135af0 Thread added: 0x00000266d4135af0
Event: 1.871 Thread 0x00000266d41de4a0 Thread added: 0x00000266d41de4a0


Dynamic libraries:
0x00007ff6a16d0000 - 0x00007ff6a16e0000 	C:\Program Files\Java\jdk-22\bin\javaw.exe
0x00007ffd5a590000 - 0x00007ffd5a7a7000 	C:\Windows\SYSTEM32\ntdll.dll
0x00007ffd596d0000 - 0x00007ffd59794000 	C:\Windows\System32\KERNEL32.DLL
0x00007ffd57750000 - 0x00007ffd57b23000 	C:\Windows\System32\KERNELBASE.dll
0x00007ffd58110000 - 0x00007ffd58221000 	C:\Windows\System32\ucrtbase.dll
0x00007ffd45030000 - 0x00007ffd45047000 	C:\Program Files\Java\jdk-22\bin\jli.dll
0x00007ffd594b0000 - 0x00007ffd59561000 	C:\Windows\System32\ADVAPI32.dll
0x00007ffd58230000 - 0x00007ffd582d7000 	C:\Windows\System32\msvcrt.dll
0x00007ffd58b70000 - 0x00007ffd58c18000 	C:\Windows\System32\sechost.dll
0x00007ffd57b30000 - 0x00007ffd57b58000 	C:\Windows\System32\bcrypt.dll
0x00007ffd58c20000 - 0x00007ffd58d34000 	C:\Windows\System32\RPCRT4.dll
0x00007ffd584a0000 - 0x00007ffd58651000 	C:\Windows\System32\USER32.dll
0x00007ffd576a0000 - 0x00007ffd576c6000 	C:\Windows\System32\win32u.dll
0x00007ffd597a0000 - 0x00007ffd597c9000 	C:\Windows\System32\GDI32.dll
0x00007ffd57c20000 - 0x00007ffd57d3b000 	C:\Windows\System32\gdi32full.dll
0x00007ffd57f00000 - 0x00007ffd57f9a000 	C:\Windows\System32\msvcp_win.dll
0x00007ffd46400000 - 0x00007ffd4641b000 	C:\Program Files\Java\jdk-22\bin\VCRUNTIME140.dll
0x00007ffd46b10000 - 0x00007ffd46da8000 	C:\Windows\WinSxS\amd64_microsoft.windows.common-controls_6595b64144ccf1df_6.0.22621.5124_none_270e8f4f7386d69d\COMCTL32.dll
0x00007ffd4f550000 - 0x00007ffd4f55a000 	C:\Windows\SYSTEM32\VERSION.dll
0x00007ffd5a2a0000 - 0x00007ffd5a2d1000 	C:\Windows\System32\IMM32.DLL
0x00007ffd50100000 - 0x00007ffd5010c000 	C:\Program Files\Java\jdk-22\bin\vcruntime140_1.dll
0x00007ffd435d0000 - 0x00007ffd4365e000 	C:\Program Files\Java\jdk-22\bin\msvcp140.dll
0x00007ffd1c000000 - 0x00007ffd1cd47000 	C:\Program Files\Java\jdk-22\bin\server\jvm.dll
0x00007ffd58d40000 - 0x00007ffd58db1000 	C:\Windows\System32\WS2_32.dll
0x00007ffd57140000 - 0x00007ffd5718d000 	C:\Windows\SYSTEM32\POWRPROF.dll
0x00007ffd50210000 - 0x00007ffd50244000 	C:\Windows\SYSTEM32\WINMM.dll
0x00007ffd570e0000 - 0x00007ffd570f3000 	C:\Windows\SYSTEM32\UMPDC.dll
0x00007ffd566d0000 - 0x00007ffd566e8000 	C:\Windows\SYSTEM32\kernel.appcore.dll
0x00007ffd4f810000 - 0x00007ffd4f81a000 	C:\Program Files\Java\jdk-22\bin\jimage.dll
0x00007ffd4da70000 - 0x00007ffd4dca2000 	C:\Windows\SYSTEM32\DBGHELP.DLL
0x00007ffd587d0000 - 0x00007ffd58b62000 	C:\Windows\System32\combase.dll
0x00007ffd59570000 - 0x00007ffd59647000 	C:\Windows\System32\OLEAUT32.dll
0x00007ffd3fe10000 - 0x00007ffd3fe42000 	C:\Windows\SYSTEM32\dbgcore.DLL
0x00007ffd576d0000 - 0x00007ffd5774b000 	C:\Windows\System32\bcryptPrimitives.dll
0x00007ffd435b0000 - 0x00007ffd435ce000 	C:\Program Files\Java\jdk-22\bin\java.dll
0x00007ffd597f0000 - 0x00007ffd5a086000 	C:\Windows\System32\SHELL32.dll
0x00007ffd57d40000 - 0x00007ffd57e7f000 	C:\Windows\System32\wintypes.dll
0x00007ffd5a090000 - 0x00007ffd5a231000 	C:\Windows\System32\ole32.dll
0x00007ffd555c0000 - 0x00007ffd55eda000 	C:\Windows\SYSTEM32\windows.storage.dll
0x00007ffd5a2e0000 - 0x00007ffd5a3ea000 	C:\Windows\System32\SHCORE.dll
0x00007ffd59430000 - 0x00007ffd59493000 	C:\Windows\System32\shlwapi.dll
0x00007ffd575d0000 - 0x00007ffd575fb000 	C:\Windows\SYSTEM32\profapi.dll
0x00007ffd43410000 - 0x00007ffd434e7000 	C:\Program Files\Java\jdk-22\bin\jsvml.dll
0x00007ffd452c0000 - 0x00007ffd452d0000 	C:\Program Files\Java\jdk-22\bin\net.dll
0x00007ffd56b50000 - 0x00007ffd56bba000 	C:\Windows\system32\mswsock.dll
0x00007ffd43590000 - 0x00007ffd435a6000 	C:\Program Files\Java\jdk-22\bin\nio.dll

dbghelp: loaded successfully - version: 4.0.5 - missing functions: none
symbol engine: initialized successfully - sym options: 0x614 - pdb path: .;C:\Program Files\Java\jdk-22\bin;C:\Windows\SYSTEM32;C:\Windows\WinSxS\amd64_microsoft.windows.common-controls_6595b64144ccf1df_6.0.22621.5124_none_270e8f4f7386d69d;C:\Program Files\Java\jdk-22\bin\server

VM Arguments:
jvm_args: -Dfile.encoding=UTF-8 -Dstdout.encoding=UTF-8 -Dstderr.encoding=UTF-8 --module-path=C:\Users\WELLINGTON\Desktop\estudos\ws--java\diagonal_principal\bin -XX:+ShowCodeDetailsInExceptionMessages -Djdk.module.main=diagonal_principal 
java_command: diagonal_principal/application.Program
java_class_path (initial): <not set>
Launcher Type: SUN_STANDARD

[Global flags]
     intx CICompilerCount                          = 12                                        {product} {ergonomic}
     uint ConcGCThreads                            = 3                                         {product} {ergonomic}
     uint G1ConcRefinementThreads                  = 13                                        {product} {ergonomic}
   size_t G1HeapRegionSize                         = 2097152                                   {product} {ergonomic}
   size_t InitialHeapSize                          = 165675008                                 {product} {ergonomic}
   size_t MarkStackSize                            = 4194304                                   {product} {ergonomic}
   size_t MaxHeapSize                              = 2644508672                                {product} {ergonomic}
   size_t MaxNewSize                               = 1585446912                                {product} {ergonomic}
   size_t MinHeapDeltaBytes                        = 2097152                                   {product} {ergonomic}
   size_t MinHeapSize                              = 8388608                                   {product} {ergonomic}
    uintx NonNMethodCodeHeapSize                   = 7602480                                {pd product} {ergonomic}
    uintx NonProfiledCodeHeapSize                  = 122027880                              {pd product} {ergonomic}
    uintx ProfiledCodeHeapSize                     = 122027880                              {pd product} {ergonomic}
    uintx ReservedCodeCacheSize                    = 251658240                              {pd product} {ergonomic}
     bool SegmentedCodeCache                       = true                                      {product} {ergonomic}
     bool ShowCodeDetailsInExceptionMessages       = true                                   {manageable} {command line}
   size_t SoftMaxHeapSize                          = 2644508672                             {manageable} {ergonomic}
     bool UseCompressedOops                        = true                           {product lp64_product} {ergonomic}
     bool UseG1GC                                  = true                                      {product} {ergonomic}
     bool UseLargePagesIndividualAllocation        = false                                  {pd product} {ergonomic}

Logging:
Log output configuration:
 #0: stdout all=warning uptime,level,tags foldmultilines=false
 #1: stderr all=off uptime,level,tags foldmultilines=false

Environment Variables:
JAVA_HOME=C:\Program Files\Java\jdk-22
PATH=C:/eclipse//plugins/org.eclipse.justj.openjdk.hotspot.jre.full.win32.x86_64_21.0.6.v20250130-0529/jre/bin/server;C:/eclipse//plugins/org.eclipse.justj.openjdk.hotspot.jre.full.win32.x86_64_21.0.6.v20250130-0529/jre/bin;C:\Program Files\Common Files\Oracle\Java\javapath;C:\Windows\system32;C:\Windows;C:\Windows\System32\Wbem;C:\Windows\System32\WindowsPowerShell\v1.0\;C:\Windows\System32\OpenSSH\;C:\MinGW\bin;C:\Program Files\Java\jdk-22\bin;C:\Program Files\dotnet\;C:\Program Files (x86)\Microsoft SQL Server\160\Tools\Binn\;C:\Program Files\Microsoft SQL Server\160\Tools\Binn\;C:\Program Files\Microsoft SQL Server\Client SDK\ODBC\170\Tools\Binn\;C:\Program Files\Microsoft SQL Server\160\DTS\Binn\;C:\Program Files (x86)\Microsoft SQL Server\160\DTS\Binn\;C:\Program Files\Git\cmd;C:\Program Files\nodejs\;C:\ProgramData\chocolatey\bin;C:\Users\WELLINGTON\AppData\Local\Programs\Python\Python312\Scripts\;C:\Users\WELLINGTON\AppData\Local\Programs\Python\Python312\;C:\Users\WELLINGTON\AppData\Local\Microsoft\WindowsApps;C:\Users\WELLINGTON\AppData\Local\Programs\Microsoft VS Code\bin;C:\Users\WELLINGTON\.dotnet\tools;C:\Users\WELLINGTON\AppData\Roaming\npm;C:\eclipse;
USERNAME=WELLINGTON
OS=Windows_NT
PROCESSOR_IDENTIFIER=AMD64 Family 23 Model 104 Stepping 1, AuthenticAMD
TMP=C:\Users\WELLIN~1\AppData\Local\Temp
TEMP=C:\Users\WELLIN~1\AppData\Local\Temp




Periodic native trim disabled

---------------  S Y S T E M  ---------------

OS:
 Windows 11 , 64 bit Build 22621 (10.0.22621.5124)
OS uptime: 0 days 0:18 hours

CPU: total 16 (initial active 16) (16 cores per cpu, 2 threads per core) family 23 model 104 stepping 1 microcode 0x0, cx8, cmov, fxsr, ht, mmx, 3dnowpref, sse, sse2, sse3, ssse3, sse4a, sse4.1, sse4.2, popcnt, lzcnt, tsc, tscinvbit, avx, avx2, aes, clmul, bmi1, bmi2, adx, sha, fma, vzeroupper, clflush, clflushopt, rdtscp, rdpid, f16c
Processor Information for all 16 processors :
  Max Mhz: 1801, Current Mhz: 1801, Mhz Limit: 1801

Memory: 4k page, system-wide physical 10085M (195M free)
TotalPageFile size 40805M (AvailPageFile size 0M)
current process WorkingSet (physical memory assigned to process): 37M, peak: 37M
current process commit charge ("private bytes"): 249M, peak: 249M

vm_info: Java HotSpot(TM) 64-Bit Server VM (22.0.1+8-16) for windows-amd64 JRE (22.0.1+8-16), built on 2024-03-12T10:33:16Z by "mach5one" with MS VC++ 17.6 (VS2022)

END.
