#
# A fatal error has been detected by the Java Runtime Environment:
#
#  EXCEPTION_ACCESS_VIOLATION (0xc0000005) at pc=0x00007ffd1c3e3033, pid=28596, tid=28932
#
# JRE version:  (22.0.1+8) (build )
# Java VM: Java HotSpot(TM) 64-Bit Server VM (22.0.1+8-16, mixed mode, sharing, tiered, compressed oops, compressed class ptrs, g1 gc, windows-amd64)
# Problematic frame:
# V  [jvm.dll+0x3e3033]
#
# No core dump will be written. Minidumps are not enabled by default on client versions of Windows
#
#

---------------  S U M M A R Y ------------

Command Line: -Dfile.encoding=UTF-8 -Dstdout.encoding=UTF-8 -Dstderr.encoding=UTF-8 --module-path=C:\Users\WELLINGTON\Desktop\estudos\ws--java\diagonal_principal\bin -XX:+ShowCodeDetailsInExceptionMessages -Djdk.module.main=diagonal_principal diagonal_principal/application.Program

Host: AMD Ryzen 7 5700U with Radeon Graphics         , 16 cores, 9G,  Windows 11 , 64 bit Build 22621 (10.0.22621.5124)
Time: Thu Apr 10 09:46:53 2025 Hora oficial do Brasil elapsed time: 1.362941 seconds (0d 0h 0m 1s)

---------------  T H R E A D  ---------------

Current thread (0x000001928666f500):  JavaThread "main"             [_thread_in_vm, id=28932, stack(0x0000001d7b100000,0x0000001d7b200000) (1024K)]

Stack: [0x0000001d7b100000,0x0000001d7b200000],  sp=0x0000001d7b1fd5e0,  free space=1013k
Native frames: (J=compiled Java code, j=interpreted, Vv=VM code, C=native code)
V  [jvm.dll+0x3e3033]  (no source info available)
V  [jvm.dll+0x6e2192]  (no source info available)
V  [jvm.dll+0x3e2dde]  (no source info available)
V  [jvm.dll+0x3c3d22]  (no source info available)
V  [jvm.dll+0x3c807e]  (no source info available)
V  [jvm.dll+0x3c7898]  (no source info available)
V  [jvm.dll+0x3e917a]  (no source info available)
