#
# There is insufficient memory for the Java Runtime Environment to continue.
# Native memory allocation (mmap) failed to map 65536 bytes. Error detail: Failed to commit metaspace.
# Possible reasons:
#   The system is out of physical RAM or swap space
#   This process is running with CompressedOops enabled, and the Java Heap may be blocking the growth of the native heap
# Possible solutions:
#   Reduce memory load on the system
#   Increase physical memory or swap space
#   Check if swap backing store is full
#   Decrease Java heap size (-Xmx/-Xms)
#   Decrease number of Java threads
#   Decrease Java thread stack sizes (-Xss)
#   Set larger code cache with -XX:ReservedCodeCacheSize=
#   JVM is running with Zero Based Compressed Oops mode in which the Java heap is
#     placed in the first 32GB address space. The Java Heap base address is the
#     maximum limit for the native heap growth. Please use -XX:HeapBaseMinAddress
#     to set the Java Heap base and to place the Java Heap above 32GB virtual address.
# This output file may be truncated or incomplete.
#
#  Out of Memory Error (virtualSpaceNode.cpp:112), pid=28040, tid=30000
#
# JRE version: Java(TM) SE Runtime Environment (22.0.1+8) (build 22.0.1+8-16)
# Java VM: Java HotSpot(TM) 64-Bit Server VM (22.0.1+8-16, mixed mode, sharing, tiered, compressed oops, compressed class ptrs, g1 gc, windows-amd64)
# No core dump will be written. Minidumps are not enabled by default on client versions of Windows
#

---------------  S U M M A R Y ------------

Command Line: -Dfile.encoding=UTF-8 -Dstdout.encoding=UTF-8 -Dstderr.encoding=UTF-8 --module-path=C:\Users\WELLINGTON\Desktop\estudos\ws--java\diagonal_principal\bin -XX:+ShowCodeDetailsInExceptionMessages -Djdk.module.main=diagonal_principal diagonal_principal/application.Program

Host: AMD Ryzen 7 5700U with Radeon Graphics         , 16 cores, 9G,  Windows 11 , 64 bit Build 22621 (10.0.22621.5124)
Time: Thu Apr 10 09:46:53 2025 Hora oficial do Brasil elapsed time: 0.975513 seconds (0d 0h 0m 0s)

---------------  T H R E A D  ---------------

Current thread (0x000001d09e63bc60):  JavaThread "main"             [_thread_in_vm, id=30000, stack(0x00000082dcc00000,0x00000082dcd00000) (1024K)]

Stack: [0x00000082dcc00000,0x00000082dcd00000]
Native frames: (J=compiled Java code, j=interpreted, Vv=VM code, C=native code)
V  [jvm.dll+0x6e2279]  (no source info available)
V  [jvm.dll+0x874e33]  (no source info available)
V  [jvm.dll+0x87725e]  (no source info available)
V  [jvm.dll+0x877933]  (no source info available)
V  [jvm.dll+0x27fd76]  (no source info available)
V  [jvm.dll+0x870a7e]  (no source info available)
V  [jvm.dll+0x6852e5]  (no source info available)
V  [jvm.dll+0x68534a]  (no source info available)
V  [jvm.dll+0x687b8a]  (no source info available)
V  [jvm.dll+0x2250ac]  (no source info available)
V  [jvm.dll+0x685cfe]  (no source info available)
V  [jvm.dll+0x269eaf]  (no source info available)
V  [jvm.dll+0x68ff54]  (no source info available)
V  [jvm.dll+0x215301]  (no source info available)
V  [jvm.dll+0x21578a]  (no source info available)
V  [jvm.dll+0x2161b1]  (no source info available)
V  [jvm.dll+0x20b4ee]  (no source info available)
V  [jvm.dll+0x5c462f]  (no source info available)
V  [jvm.dll+0x21cc6a]  (no source info available)
V  [jvm.dll+0x7eb6dc]  (no source info available)
V  [jvm.dll+0x7ec776]  (no source info available)
V  [jvm.dll+0x7ecd84]  (no source info available)
V  [jvm.dll+0x7eca08]  (no source info available)
V  [jvm.dll+0x26d79b]  (no source info available)
V  [jvm.dll+0x3d9b4e]  (no source info available)
C  0x000001d0af90abf4  (no source info available)

The last pc belongs to new (printed below).
Java frames: (J=compiled Java code, j=interpreted, Vv=VM code)
j  java.util.Scanner.<init>(Ljava/lang/Readable;Ljava/util/regex/Pattern;)V+57 java.base@22.0.1
j  java.util.Scanner.<init>(Ljava/io/InputStream;)V+12 java.base@22.0.1
j  application.Program.main([Ljava/lang/String;)V+13 diagonal_principal
v  ~StubRoutines::call_stub 0x000001d0af8f100d
new  187 new  [0x000001d0af90aa60, 0x000001d0af90ac68]  520 bytes
[MachCode]
  0x000001d0af90aa60: 4883 ec08 | c5fa 1104 | 24eb 1f48 | 83ec 10c5 | fb11 0424 | eb14 4883 | ec10 4889 | 0424 48c7 
  0x000001d0af90aa80: 4424 0800 | 0000 00eb | 0150 410f | b755 010f | cac1 ea10 | 488b 4de8 | 488b 4908 | 488b 4908 
  0x000001d0af90aaa0: 488b 4108 | 807c 1004 | 070f 85d3 | 0000 0066 | 8b54 d148 | 488b 4928 | 488b 4cd1 | 0851 80b9 
  0x000001d0af90aac0: 2001 0000 | 050f 85b6 | 0000 008b | 5108 f6c2 | 010f 85aa | 0000 0049 | 8b87 b801 | 0000 488d 
  0x000001d0af90aae0: 1c10 493b | 9fc8 0100 | 000f 8792 | 0000 0049 | 899f b801 | 0000 4883 | ea10 0f84 | 0f00 0000 
  0x000001d0af90ab00: 33c9 c1ea | 0348 894c | d008 48ff | ca75 f648 | c700 0100 | 0000 5933 | f689 700c | 49ba 0000 
  0x000001d0af90ab20: 00bf d001 | 0000 492b | ca89 4808 | 49ba 9d30 | c41c fd7f | 0000 4180 | 3a00 0f84 | 3c00 0000 
  0x000001d0af90ab40: 5048 8bc8 | 4883 ec20 | 40f6 c40f | 0f84 1900 | 0000 4883 | ec08 48b8 | 80b5 741c | fd7f 0000 
  0x000001d0af90ab60: ffd0 4883 | c408 e90c | 0000 0048 | b880 b574 | 1cfd 7f00 | 00ff d048 | 83c4 2058 | e9cb 0000 
  0x000001d0af90ab80: 0059 488b | 55e8 488b | 5208 488b | 5208 450f | b745 0141 | 0fc8 41c1 | e810 e805 | 0000 00e9 
  0x000001d0af90aba0: a800 0000 | 488d 4424 | 084c 896d | c049 8bcf | c5f8 7749 | 89af b003 | 0000 4989 | 87a0 0300 
  0x000001d0af90abc0: 0048 83ec | 2040 f6c4 | 0f0f 8419 | 0000 0048 | 83ec 0848 | b800 9b3d | 1cfd 7f00 | 00ff d048 
  0x000001d0af90abe0: 83c4 08e9 | 0c00 0000 | 48b8 009b | 3d1c fd7f | 0000 ffd0 | 4883 c420 | 49c7 87a0 | 0300 0000 
  0x000001d0af90ac00: 0000 0049 | c787 b003 | 0000 0000 | 0000 49c7 | 87a8 0300 | 0000 0000 | 00c5 f877 | 4983 7f08 
  0x000001d0af90ac20: 000f 8405 | 0000 00e9 | d462 feff | 498b 87f8 | 0300 0049 | c787 f803 | 0000 0000 | 0000 4c8b 
  0x000001d0af90ac40: 6dc0 4c8b | 75c8 4e8d | 74f5 00c3 | 410f b65d | 0349 83c5 | 0349 baf0 | f9c7 1cfd | 7f00 0041 
  0x000001d0af90ac60: ff24 da0f | 1f44 0000 
[/MachCode]

---------------  P R O C E S S  ---------------

Threads class SMR info:
_java_thread_list=0x000001d0be839fb0, length=11, elements={
0x000001d09e63bc60, 0x000001d0be5ab440, 0x000001d0be5acb00, 0x000001d0be5af070,
0x000001d0be5afbd0, 0x000001d0be5b4390, 0x000001d0be5b5e00, 0x000001d0be5b6b90,
0x000001d0be5d4f80, 0x000001d0be7c6930, 0x000001d0be8a50c0
}

Java Threads: ( => current thread )
=>0x000001d09e63bc60 JavaThread "main"                              [_thread_in_vm, id=30000, stack(0x00000082dcc00000,0x00000082dcd00000) (1024K)]
  0x000001d0be5ab440 JavaThread "Reference Handler"          daemon [_thread_blocked, id=5264, stack(0x00000082dd400000,0x00000082dd500000) (1024K)]
  0x000001d0be5acb00 JavaThread "Finalizer"                  daemon [_thread_blocked, id=11288, stack(0x00000082dd500000,0x00000082dd600000) (1024K)]
  0x000001d0be5af070 JavaThread "Signal Dispatcher"          daemon [_thread_blocked, id=17172, stack(0x00000082dd600000,0x00000082dd700000) (1024K)]
  0x000001d0be5afbd0 JavaThread "Attach Listener"            daemon [_thread_blocked, id=21672, stack(0x00000082dd700000,0x00000082dd800000) (1024K)]
  0x000001d0be5b4390 JavaThread "Service Thread"             daemon [_thread_blocked, id=8904, stack(0x00000082dd800000,0x00000082dd900000) (1024K)]
  0x000001d0be5b5e00 JavaThread "Monitor Deflation Thread"   daemon [_thread_blocked, id=20928, stack(0x00000082dd900000,0x00000082dda00000) (1024K)]
  0x000001d0be5b6b90 JavaThread "C2 CompilerThread0"         daemon [_thread_blocked, id=1744, stack(0x00000082dda00000,0x00000082ddb00000) (1024K)]
  0x000001d0be5d4f80 JavaThread "C1 CompilerThread0"         daemon [_thread_blocked, id=27880, stack(0x00000082ddb00000,0x00000082ddc00000) (1024K)]
  0x000001d0be7c6930 JavaThread "Common-Cleaner"             daemon [_thread_blocked, id=6848, stack(0x00000082ddc00000,0x00000082ddd00000) (1024K)]
  0x000001d0be8a50c0 JavaThread "Notification Thread"        daemon [_thread_blocked, id=25880, stack(0x00000082ddd00000,0x00000082dde00000) (1024K)]
Total: 11

Other Threads:
  0x000001d0be58c5b0 VMThread "VM Thread"                           [id=11872, stack(0x00000082dd300000,0x00000082dd400000) (1024K)]
  0x000001d0be571b70 WatcherThread "VM Periodic Task Thread"        [id=21196, stack(0x00000082dd200000,0x00000082dd300000) (1024K)]
  0x000001d09e9d3580 WorkerThread "GC Thread#0"                     [id=30860, stack(0x00000082dcd00000,0x00000082dce00000) (1024K)]
  0x000001d09e9df310 ConcurrentGCThread "G1 Main Marker"            [id=30868, stack(0x00000082dce00000,0x00000082dcf00000) (1024K)]
  0x000001d09e9dfe20 WorkerThread "G1 Conc#0"                       [id=30872, stack(0x00000082dcf00000,0x00000082dd000000) (1024K)]
  0x000001d09ea4eb40 ConcurrentGCThread "G1 Refine#0"               [id=31060, stack(0x00000082dd000000,0x00000082dd100000) (1024K)]
  0x000001d0be446560 ConcurrentGCThread "G1 Service"                [id=31068, stack(0x00000082dd100000,0x00000082dd200000) (1024K)]
Total: 7

Threads with active compile tasks:
Total: 0

VM state: not at safepoint (normal execution)

VM Mutex/Monitor currently owned by a thread:  ([mutex/lock_event])
[0x00007ffd1cc69b38] Metaspace_lock - owner thread: 0x000001d09e63bc60

Heap address: 0x0000000762600000, size: 2522 MB, Compressed Oops mode: Zero based, Oop shift amount: 3

CDS archive(s) mapped at: [0x000001d0bf000000-0x000001d0bfc60000-0x000001d0bfc60000), size 12976128, SharedBaseAddress: 0x000001d0bf000000, ArchiveRelocationMode: 1.
Compressed class space mapped at: 0x000001d0c0000000-0x000001d100000000, reserved size: 1073741824
Narrow klass base: 0x000001d0bf000000, Narrow klass shift: 0, Narrow klass range: 0x41000000

GC Precious Log:
 CardTable entry size: 512
 Card Set container configuration: InlinePtr #cards 4 size 8 Array Of Cards #cards 16 size 48 Howl #buckets 8 coarsen threshold 3686 Howl Bitmap #cards 512 size 80 coarsen threshold 460 Card regions per heap region 1 cards per card region 4096
 CPUs: 16 total, 16 available
 Memory: 10085M
 Large Page Support: Disabled
 NUMA Support: Disabled
 Compressed Oops: Enabled (Zero based)
 Heap Region Size: 2M
 Heap Min Capacity: 8M
 Heap Initial Capacity: 158M
 Heap Max Capacity: 2522M
 Pre-touch: Disabled
 Parallel Workers: 13
 Concurrent Workers: 3
 Concurrent Refinement Workers: 13
 Periodic GC: Disabled

Heap:
 garbage-first heap   total reserved 2582528K, committed 161792K, used 2048K [0x0000000762600000, 0x0000000800000000)
  region size 2048K, 2 young (4096K), 0 survivors (0K)
 Metaspace       used 776K, committed 896K, reserved 1114112K
  class space    used 64K, committed 128K, reserved 1048576K

Heap Regions: E=young(eden), S=young(survivor), O=old, HS=humongous(starts), HC=humongous(continues), CS=collection set, F=free, TAMS=top-at-mark-start, PB=parsable bottom
|   0|0x0000000762600000, 0x0000000762600000, 0x0000000762800000|  0%| F|  |TAMS 0x0000000762600000| PB 0x0000000762600000| Untracked |  0
|   1|0x0000000762800000, 0x0000000762800000, 0x0000000762a00000|  0%| F|  |TAMS 0x0000000762800000| PB 0x0000000762800000| Untracked |  0
|   2|0x0000000762a00000, 0x0000000762a00000, 0x0000000762c00000|  0%| F|  |TAMS 0x0000000762a00000| PB 0x0000000762a00000| Untracked |  0
|   3|0x0000000762c00000, 0x0000000762c00000, 0x0000000762e00000|  0%| F|  |TAMS 0x0000000762c00000| PB 0x0000000762c00000| Untracked |  0
|   4|0x0000000762e00000, 0x0000000762e00000, 0x0000000763000000|  0%| F|  |TAMS 0x0000000762e00000| PB 0x0000000762e00000| Untracked |  0
|   5|0x0000000763000000, 0x0000000763000000, 0x0000000763200000|  0%| F|  |TAMS 0x0000000763000000| PB 0x0000000763000000| Untracked |  0
|   6|0x0000000763200000, 0x0000000763200000, 0x0000000763400000|  0%| F|  |TAMS 0x0000000763200000| PB 0x0000000763200000| Untracked |  0
|   7|0x0000000763400000, 0x0000000763400000, 0x0000000763600000|  0%| F|  |TAMS 0x0000000763400000| PB 0x0000000763400000| Untracked |  0
|   8|0x0000000763600000, 0x0000000763600000, 0x0000000763800000|  0%| F|  |TAMS 0x0000000763600000| PB 0x0000000763600000| Untracked |  0
|   9|0x0000000763800000, 0x0000000763800000, 0x0000000763a00000|  0%| F|  |TAMS 0x0000000763800000| PB 0x0000000763800000| Untracked |  0
|  10|0x0000000763a00000, 0x0000000763a00000, 0x0000000763c00000|  0%| F|  |TAMS 0x0000000763a00000| PB 0x0000000763a00000| Untracked |  0
|  11|0x0000000763c00000, 0x0000000763c00000, 0x0000000763e00000|  0%| F|  |TAMS 0x0000000763c00000| PB 0x0000000763c00000| Untracked |  0
|  12|0x0000000763e00000, 0x0000000763e00000, 0x0000000764000000|  0%| F|  |TAMS 0x0000000763e00000| PB 0x0000000763e00000| Untracked |  0
|  13|0x0000000764000000, 0x0000000764000000, 0x0000000764200000|  0%| F|  |TAMS 0x0000000764000000| PB 0x0000000764000000| Untracked |  0
|  14|0x0000000764200000, 0x0000000764200000, 0x0000000764400000|  0%| F|  |TAMS 0x0000000764200000| PB 0x0000000764200000| Untracked |  0
|  15|0x0000000764400000, 0x0000000764400000, 0x0000000764600000|  0%| F|  |TAMS 0x0000000764400000| PB 0x0000000764400000| Untracked |  0
|  16|0x0000000764600000, 0x0000000764600000, 0x0000000764800000|  0%| F|  |TAMS 0x0000000764600000| PB 0x0000000764600000| Untracked |  0
|  17|0x0000000764800000, 0x0000000764800000, 0x0000000764a00000|  0%| F|  |TAMS 0x0000000764800000| PB 0x0000000764800000| Untracked |  0
|  18|0x0000000764a00000, 0x0000000764a00000, 0x0000000764c00000|  0%| F|  |TAMS 0x0000000764a00000| PB 0x0000000764a00000| Untracked |  0
|  19|0x0000000764c00000, 0x0000000764c00000, 0x0000000764e00000|  0%| F|  |TAMS 0x0000000764c00000| PB 0x0000000764c00000| Untracked |  0
|  20|0x0000000764e00000, 0x0000000764e00000, 0x0000000765000000|  0%| F|  |TAMS 0x0000000764e00000| PB 0x0000000764e00000| Untracked |  0
|  21|0x0000000765000000, 0x0000000765000000, 0x0000000765200000|  0%| F|  |TAMS 0x0000000765000000| PB 0x0000000765000000| Untracked |  0
|  22|0x0000000765200000, 0x0000000765200000, 0x0000000765400000|  0%| F|  |TAMS 0x0000000765200000| PB 0x0000000765200000| Untracked |  0
|  23|0x0000000765400000, 0x0000000765400000, 0x0000000765600000|  0%| F|  |TAMS 0x0000000765400000| PB 0x0000000765400000| Untracked |  0
|  24|0x0000000765600000, 0x0000000765600000, 0x0000000765800000|  0%| F|  |TAMS 0x0000000765600000| PB 0x0000000765600000| Untracked |  0
|  25|0x0000000765800000, 0x0000000765800000, 0x0000000765a00000|  0%| F|  |TAMS 0x0000000765800000| PB 0x0000000765800000| Untracked |  0
|  26|0x0000000765a00000, 0x0000000765a00000, 0x0000000765c00000|  0%| F|  |TAMS 0x0000000765a00000| PB 0x0000000765a00000| Untracked |  0
|  27|0x0000000765c00000, 0x0000000765c00000, 0x0000000765e00000|  0%| F|  |TAMS 0x0000000765c00000| PB 0x0000000765c00000| Untracked |  0
|  28|0x0000000765e00000, 0x0000000765e00000, 0x0000000766000000|  0%| F|  |TAMS 0x0000000765e00000| PB 0x0000000765e00000| Untracked |  0
|  29|0x0000000766000000, 0x0000000766000000, 0x0000000766200000|  0%| F|  |TAMS 0x0000000766000000| PB 0x0000000766000000| Untracked |  0
|  30|0x0000000766200000, 0x0000000766200000, 0x0000000766400000|  0%| F|  |TAMS 0x0000000766200000| PB 0x0000000766200000| Untracked |  0
|  31|0x0000000766400000, 0x0000000766400000, 0x0000000766600000|  0%| F|  |TAMS 0x0000000766400000| PB 0x0000000766400000| Untracked |  0
|  32|0x0000000766600000, 0x0000000766600000, 0x0000000766800000|  0%| F|  |TAMS 0x0000000766600000| PB 0x0000000766600000| Untracked |  0
|  33|0x0000000766800000, 0x0000000766800000, 0x0000000766a00000|  0%| F|  |TAMS 0x0000000766800000| PB 0x0000000766800000| Untracked |  0
|  34|0x0000000766a00000, 0x0000000766a00000, 0x0000000766c00000|  0%| F|  |TAMS 0x0000000766a00000| PB 0x0000000766a00000| Untracked |  0
|  35|0x0000000766c00000, 0x0000000766c00000, 0x0000000766e00000|  0%| F|  |TAMS 0x0000000766c00000| PB 0x0000000766c00000| Untracked |  0
|  36|0x0000000766e00000, 0x0000000766e00000, 0x0000000767000000|  0%| F|  |TAMS 0x0000000766e00000| PB 0x0000000766e00000| Untracked |  0
|  37|0x0000000767000000, 0x0000000767000000, 0x0000000767200000|  0%| F|  |TAMS 0x0000000767000000| PB 0x0000000767000000| Untracked |  0
|  38|0x0000000767200000, 0x0000000767200000, 0x0000000767400000|  0%| F|  |TAMS 0x0000000767200000| PB 0x0000000767200000| Untracked |  0
|  39|0x0000000767400000, 0x0000000767400000, 0x0000000767600000|  0%| F|  |TAMS 0x0000000767400000| PB 0x0000000767400000| Untracked |  0
|  40|0x0000000767600000, 0x0000000767600000, 0x0000000767800000|  0%| F|  |TAMS 0x0000000767600000| PB 0x0000000767600000| Untracked |  0
|  41|0x0000000767800000, 0x0000000767800000, 0x0000000767a00000|  0%| F|  |TAMS 0x0000000767800000| PB 0x0000000767800000| Untracked |  0
|  42|0x0000000767a00000, 0x0000000767a00000, 0x0000000767c00000|  0%| F|  |TAMS 0x0000000767a00000| PB 0x0000000767a00000| Untracked |  0
|  43|0x0000000767c00000, 0x0000000767c00000, 0x0000000767e00000|  0%| F|  |TAMS 0x0000000767c00000| PB 0x0000000767c00000| Untracked |  0
|  44|0x0000000767e00000, 0x0000000767e00000, 0x0000000768000000|  0%| F|  |TAMS 0x0000000767e00000| PB 0x0000000767e00000| Untracked |  0
|  45|0x0000000768000000, 0x0000000768000000, 0x0000000768200000|  0%| F|  |TAMS 0x0000000768000000| PB 0x0000000768000000| Untracked |  0
|  46|0x0000000768200000, 0x0000000768200000, 0x0000000768400000|  0%| F|  |TAMS 0x0000000768200000| PB 0x0000000768200000| Untracked |  0
|  47|0x0000000768400000, 0x0000000768400000, 0x0000000768600000|  0%| F|  |TAMS 0x0000000768400000| PB 0x0000000768400000| Untracked |  0
|  48|0x0000000768600000, 0x0000000768600000, 0x0000000768800000|  0%| F|  |TAMS 0x0000000768600000| PB 0x0000000768600000| Untracked |  0
|  49|0x0000000768800000, 0x0000000768800000, 0x0000000768a00000|  0%| F|  |TAMS 0x0000000768800000| PB 0x0000000768800000| Untracked |  0
|  50|0x0000000768a00000, 0x0000000768a00000, 0x0000000768c00000|  0%| F|  |TAMS 0x0000000768a00000| PB 0x0000000768a00000| Untracked |  0
|  51|0x0000000768c00000, 0x0000000768c00000, 0x0000000768e00000|  0%| F|  |TAMS 0x0000000768c00000| PB 0x0000000768c00000| Untracked |  0
|  52|0x0000000768e00000, 0x0000000768e00000, 0x0000000769000000|  0%| F|  |TAMS 0x0000000768e00000| PB 0x0000000768e00000| Untracked |  0
|  53|0x0000000769000000, 0x0000000769000000, 0x0000000769200000|  0%| F|  |TAMS 0x0000000769000000| PB 0x0000000769000000| Untracked |  0
|  54|0x0000000769200000, 0x0000000769200000, 0x0000000769400000|  0%| F|  |TAMS 0x0000000769200000| PB 0x0000000769200000| Untracked |  0
|  55|0x0000000769400000, 0x0000000769400000, 0x0000000769600000|  0%| F|  |TAMS 0x0000000769400000| PB 0x0000000769400000| Untracked |  0
|  56|0x0000000769600000, 0x0000000769600000, 0x0000000769800000|  0%| F|  |TAMS 0x0000000769600000| PB 0x0000000769600000| Untracked |  0
|  57|0x0000000769800000, 0x0000000769800000, 0x0000000769a00000|  0%| F|  |TAMS 0x0000000769800000| PB 0x0000000769800000| Untracked |  0
|  58|0x0000000769a00000, 0x0000000769a00000, 0x0000000769c00000|  0%| F|  |TAMS 0x0000000769a00000| PB 0x0000000769a00000| Untracked |  0
|  59|0x0000000769c00000, 0x0000000769c00000, 0x0000000769e00000|  0%| F|  |TAMS 0x0000000769c00000| PB 0x0000000769c00000| Untracked |  0
|  60|0x0000000769e00000, 0x0000000769e00000, 0x000000076a000000|  0%| F|  |TAMS 0x0000000769e00000| PB 0x0000000769e00000| Untracked |  0
|  61|0x000000076a000000, 0x000000076a000000, 0x000000076a200000|  0%| F|  |TAMS 0x000000076a000000| PB 0x000000076a000000| Untracked |  0
|  62|0x000000076a200000, 0x000000076a200000, 0x000000076a400000|  0%| F|  |TAMS 0x000000076a200000| PB 0x000000076a200000| Untracked |  0
|  63|0x000000076a400000, 0x000000076a400000, 0x000000076a600000|  0%| F|  |TAMS 0x000000076a400000| PB 0x000000076a400000| Untracked |  0
|  64|0x000000076a600000, 0x000000076a600000, 0x000000076a800000|  0%| F|  |TAMS 0x000000076a600000| PB 0x000000076a600000| Untracked |  0
|  65|0x000000076a800000, 0x000000076a800000, 0x000000076aa00000|  0%| F|  |TAMS 0x000000076a800000| PB 0x000000076a800000| Untracked |  0
|  66|0x000000076aa00000, 0x000000076aa00000, 0x000000076ac00000|  0%| F|  |TAMS 0x000000076aa00000| PB 0x000000076aa00000| Untracked |  0
|  67|0x000000076ac00000, 0x000000076ac00000, 0x000000076ae00000|  0%| F|  |TAMS 0x000000076ac00000| PB 0x000000076ac00000| Untracked |  0
|  68|0x000000076ae00000, 0x000000076ae00000, 0x000000076b000000|  0%| F|  |TAMS 0x000000076ae00000| PB 0x000000076ae00000| Untracked |  0
|  69|0x000000076b000000, 0x000000076b000000, 0x000000076b200000|  0%| F|  |TAMS 0x000000076b000000| PB 0x000000076b000000| Untracked |  0
|  70|0x000000076b200000, 0x000000076b200000, 0x000000076b400000|  0%| F|  |TAMS 0x000000076b200000| PB 0x000000076b200000| Untracked |  0
|  71|0x000000076b400000, 0x000000076b400000, 0x000000076b600000|  0%| F|  |TAMS 0x000000076b400000| PB 0x000000076b400000| Untracked |  0
|  72|0x000000076b600000, 0x000000076b600000, 0x000000076b800000|  0%| F|  |TAMS 0x000000076b600000| PB 0x000000076b600000| Untracked |  0
|  73|0x000000076b800000, 0x000000076b800000, 0x000000076ba00000|  0%| F|  |TAMS 0x000000076b800000| PB 0x000000076b800000| Untracked |  0
|  74|0x000000076ba00000, 0x000000076ba00000, 0x000000076bc00000|  0%| F|  |TAMS 0x000000076ba00000| PB 0x000000076ba00000| Untracked |  0
|  75|0x000000076bc00000, 0x000000076bc00000, 0x000000076be00000|  0%| F|  |TAMS 0x000000076bc00000| PB 0x000000076bc00000| Untracked |  0
|  76|0x000000076be00000, 0x000000076be00000, 0x000000076c000000|  0%| F|  |TAMS 0x000000076be00000| PB 0x000000076be00000| Untracked |  0
|  77|0x000000076c000000, 0x000000076c170b38, 0x000000076c200000| 72%| E|  |TAMS 0x000000076c000000| PB 0x000000076c000000| Complete |  0
|  78|0x000000076c200000, 0x000000076c400000, 0x000000076c400000|100%| E|CS|TAMS 0x000000076c200000| PB 0x000000076c200000| Complete |  0

Card table byte_map: [0x000001d0b8950000,0x000001d0b8e40000] _byte_map_base: 0x000001d0b4e3d000

Marking Bits: (CMBitMap*) 0x000001d09e9d3c90
 Bits: [0x000001d0b8e40000, 0x000001d0bb5a8000)

Polling page: 0x000001d09ea50000

Metaspace:

Usage:
  Non-class:    711.91 KB used.
      Class:     64.82 KB used.
       Both:    776.73 KB used.

Virtual space:
  Non-class space:       64.00 MB reserved,     768.00 KB (  1%) committed,  1 nodes.
      Class space:        1.00 GB reserved,     128.00 KB ( <1%) committed,  1 nodes.
             Both:        1.06 GB reserved,     896.00 KB ( <1%) committed. 

Chunk freelists:
   Non-Class:  11.99 MB
       Class:  15.74 MB
        Both:  27.73 MB

MaxMetaspaceSize: unlimited
CompressedClassSpaceSize: 1.00 GB
Initial GC threshold: 21.00 MB
Current GC threshold: 21.00 MB
CDS: on
 - commit_granule_bytes: 65536.
 - commit_granule_words: 8192.
 - virtual_space_node_default_size: 8388608.
 - enlarge_chunks_in_place: 1.
 - use_allocation_guard: 0.


Internal statistics:

num_allocs_failed_limit: 0.
num_arena_births: 14.
num_arena_deaths: 0.
num_vsnodes_births: 2.
num_vsnodes_deaths: 0.
num_space_committed: 14.
num_space_uncommitted: 0.
num_chunks_returned_to_freelist: 0.
num_chunks_taken_from_freelist: 15.
num_chunk_merges: 0.
num_chunk_splits: 9.
num_chunks_enlarged: 5.
num_inconsistent_stats: 0.

CodeHeap 'non-profiled nmethods': size=119168Kb used=67Kb max_used=67Kb free=119100Kb
 bounds [0x000001d0b0040000, 0x000001d0b02b0000, 0x000001d0b74a0000]
CodeHeap 'profiled nmethods': size=119104Kb used=265Kb max_used=265Kb free=118838Kb
 bounds [0x000001d0a84a0000, 0x000001d0a8710000, 0x000001d0af8f0000]
CodeHeap 'non-nmethods': size=7488Kb used=1300Kb max_used=1315Kb free=6187Kb
 bounds [0x000001d0af8f0000, 0x000001d0afb60000, 0x000001d0b0040000]
 total_blobs=637 nmethods=223 adapters=319
 compilation: enabled
              stopped_count=0, restarted_count=0
 full_count=0

Compilation events (20 events):
Event: 0.967 Thread 0x000001d0be5d4f80  210       3       java.lang.invoke.MemberName::getReferenceKind (12 bytes)
Event: 0.968 Thread 0x000001d0be5d4f80 nmethod 210 0x000001d0a84de910 code [0x000001d0a84deaa0, 0x000001d0a84debb8]
Event: 0.968 Thread 0x000001d0be5d4f80  212       1       sun.invoke.util.Wrapper::basicTypeChar (5 bytes)
Event: 0.968 Thread 0x000001d0be5d4f80 nmethod 212 0x000001d0b004fb90 code [0x000001d0b004fd20, 0x000001d0b004fdf0]
Event: 0.968 Thread 0x000001d0be5d4f80  213       3       java.lang.AbstractStringBuilder::<init> (39 bytes)
Event: 0.968 Thread 0x000001d0be5d4f80 nmethod 213 0x000001d0a84dec90 code [0x000001d0a84dee40, 0x000001d0a84df0d0]
Event: 0.968 Thread 0x000001d0be5d4f80  214       1       java.lang.invoke.MethodTypeForm::parameterSlotCount (5 bytes)
Event: 0.968 Thread 0x000001d0be5d4f80 nmethod 214 0x000001d0b0050190 code [0x000001d0b0050320, 0x000001d0b00503e8]
Event: 0.969 Thread 0x000001d0be5d4f80  219       3       java.lang.StringBuilder::toString (9 bytes)
Event: 0.969 Thread 0x000001d0be5d4f80 nmethod 219 0x000001d0a84df190 code [0x000001d0a84df340, 0x000001d0a84df550]
Event: 0.969 Thread 0x000001d0be5d4f80  220       3       java.lang.String::<init> (7 bytes)
Event: 0.969 Thread 0x000001d0be5d4f80 nmethod 220 0x000001d0a84df690 code [0x000001d0a84df840, 0x000001d0a84df988]
Event: 0.969 Thread 0x000001d0be5d4f80  222       3       java.lang.invoke.MethodTypeForm::canonicalizeAll (63 bytes)
Event: 0.969 Thread 0x000001d0be5d4f80 nmethod 222 0x000001d0a84dfa10 code [0x000001d0a84dfc00, 0x000001d0a84e0208]
Event: 0.969 Thread 0x000001d0be5d4f80  221       3       java.lang.String::<init> (98 bytes)
Event: 0.970 Thread 0x000001d0be5d4f80 nmethod 221 0x000001d0a84e0410 code [0x000001d0a84e0620, 0x000001d0a84e0c20]
Event: 0.970 Thread 0x000001d0be5d4f80  223       3       java.lang.ref.WeakReference::<init> (7 bytes)
Event: 0.970 Thread 0x000001d0be5d4f80 nmethod 223 0x000001d0a84e0e10 code [0x000001d0a84e0fc0, 0x000001d0a84e12a0]
Event: 0.970 Thread 0x000001d0be5d4f80  224       3       java.lang.invoke.MethodType::checkPtypes (76 bytes)
Event: 0.971 Thread 0x000001d0be5d4f80 nmethod 224 0x000001d0a84e1390 code [0x000001d0a84e1620, 0x000001d0a84e20b0]

GC Heap History (0 events):
No events

Dll operation events (4 events):
Event: 0.214 Loaded shared library C:\Program Files\Java\jdk-22\bin\java.dll
Event: 0.819 Loaded shared library C:\Program Files\Java\jdk-22\bin\jsvml.dll
Event: 0.868 Loaded shared library C:\Program Files\Java\jdk-22\bin\net.dll
Event: 0.872 Loaded shared library C:\Program Files\Java\jdk-22\bin\nio.dll

Deoptimization events (4 events):
Event: 0.929 Thread 0x000001d09e63bc60 Uncommon trap: trap_request=0xffffff45 fr.pc=0x000001d0b00499e4 relative=0x00000000000000c4
Event: 0.929 Thread 0x000001d09e63bc60 Uncommon trap: reason=unstable_if action=reinterpret pc=0x000001d0b00499e4 method=java.lang.String.isLatin1()Z @ 10 c2
Event: 0.929 Thread 0x000001d09e63bc60 DEOPT PACKING pc=0x000001d0b00499e4 sp=0x00000082dccff2a0
Event: 0.929 Thread 0x000001d09e63bc60 DEOPT UNPACKING pc=0x000001d0af9446a2 sp=0x00000082dccff1e0 mode 2

Classes loaded (20 events):
Event: 0.905 Loading class sun/nio/fs/BasicFileAttributesHolder
Event: 0.905 Loading class sun/nio/fs/BasicFileAttributesHolder done
Event: 0.906 Loading class sun/nio/fs/WindowsPath$WindowsPathWithAttributes done
Event: 0.913 Loading class jdk/internal/module/ModuleReferenceImpl$CachedHash
Event: 0.914 Loading class jdk/internal/module/ModuleReferenceImpl$CachedHash done
Event: 0.929 Loading class jdk/internal/module/ModuleReferences$ExplodedModuleReader
Event: 0.929 Loading class jdk/internal/module/ModuleReferences$ExplodedModuleReader done
Event: 0.929 Loading class jdk/internal/module/ModulePatcher$PatchedModuleReader
Event: 0.930 Loading class jdk/internal/module/ModulePatcher$PatchedModuleReader done
Event: 0.961 Loading class java/util/Scanner
Event: 0.962 Loading class java/util/Scanner done
Event: 0.970 Loading class java/io/InputStreamReader
Event: 0.970 Loading class java/io/Reader
Event: 0.971 Loading class java/io/Reader done
Event: 0.971 Loading class java/io/InputStreamReader done
Event: 0.971 Loading class sun/nio/cs/StreamDecoder
Event: 0.971 Loading class sun/nio/cs/StreamDecoder done
Event: 0.971 Loading class sun/nio/cs/UTF_8$Decoder
Event: 0.972 Loading class sun/nio/cs/UTF_8$Decoder done
Event: 0.973 Loading class java/util/Scanner$PatternLRUCache

Classes unloaded (0 events):
No events

Classes redefined (0 events):
No events

Internal exceptions (2 events):
Event: 0.894 Thread 0x000001d09e63bc60 Exception <a 'java/lang/NoSuchMethodError'{0x000000076c09ab38}: 'void java.lang.invoke.DirectMethodHandle$Holder.invokeVirtual(java.lang.Object, java.lang.Object)'> (0x000000076c09ab38) 
thrown [s\open\src\hotspot\share\interpreter\linkResolver.cpp, line 774]
Event: 0.897 Thread 0x000001d09e63bc60 Exception <a 'java/lang/NoSuchMethodError'{0x000000076c0a6028}: 'java.lang.Object java.lang.invoke.DirectMethodHandle$Holder.invokeInterface(java.lang.Object, java.lang.Object, java.lang.Object)'> (0x000000076c0a6028) 
thrown [s\open\src\hotspot\share\interpreter\linkResolver.cpp, line 774]

ZGC Phase Switch (0 events):
No events

VM Operations (0 events):
No events

Events (11 events):
Event: 0.775 Thread 0x000001d09e63bc60 Thread added: 0x000001d09e63bc60
Event: 0.817 Thread 0x000001d0be5ab440 Thread added: 0x000001d0be5ab440
Event: 0.817 Thread 0x000001d0be5acb00 Thread added: 0x000001d0be5acb00
Event: 0.817 Thread 0x000001d0be5af070 Thread added: 0x000001d0be5af070
Event: 0.817 Thread 0x000001d0be5afbd0 Thread added: 0x000001d0be5afbd0
Event: 0.817 Thread 0x000001d0be5b4390 Thread added: 0x000001d0be5b4390
Event: 0.817 Thread 0x000001d0be5b5e00 Thread added: 0x000001d0be5b5e00
Event: 0.817 Thread 0x000001d0be5b6b90 Thread added: 0x000001d0be5b6b90
Event: 0.818 Thread 0x000001d0be5d4f80 Thread added: 0x000001d0be5d4f80
Event: 0.850 Thread 0x000001d0be7c6930 Thread added: 0x000001d0be7c6930
Event: 0.928 Thread 0x000001d0be8a50c0 Thread added: 0x000001d0be8a50c0


Dynamic libraries:
0x00007ff6a16d0000 - 0x00007ff6a16e0000 	C:\Program Files\Java\jdk-22\bin\javaw.exe
0x00007ffd5a590000 - 0x00007ffd5a7a7000 	C:\Windows\SYSTEM32\ntdll.dll
0x00007ffd596d0000 - 0x00007ffd59794000 	C:\Windows\System32\KERNEL32.DLL
0x00007ffd57750000 - 0x00007ffd57b23000 	C:\Windows\System32\KERNELBASE.dll
0x00007ffd58110000 - 0x00007ffd58221000 	C:\Windows\System32\ucrtbase.dll
0x00007ffd45030000 - 0x00007ffd45047000 	C:\Program Files\Java\jdk-22\bin\jli.dll
0x00007ffd46400000 - 0x00007ffd4641b000 	C:\Program Files\Java\jdk-22\bin\VCRUNTIME140.dll
0x00007ffd594b0000 - 0x00007ffd59561000 	C:\Windows\System32\ADVAPI32.dll
0x00007ffd58230000 - 0x00007ffd582d7000 	C:\Windows\System32\msvcrt.dll
0x00007ffd58b70000 - 0x00007ffd58c18000 	C:\Windows\System32\sechost.dll
0x00007ffd57b30000 - 0x00007ffd57b58000 	C:\Windows\System32\bcrypt.dll
0x00007ffd58c20000 - 0x00007ffd58d34000 	C:\Windows\System32\RPCRT4.dll
0x00007ffd584a0000 - 0x00007ffd58651000 	C:\Windows\System32\USER32.dll
0x00007ffd576a0000 - 0x00007ffd576c6000 	C:\Windows\System32\win32u.dll
0x00007ffd597a0000 - 0x00007ffd597c9000 	C:\Windows\System32\GDI32.dll
0x00007ffd57c20000 - 0x00007ffd57d3b000 	C:\Windows\System32\gdi32full.dll
0x00007ffd57f00000 - 0x00007ffd57f9a000 	C:\Windows\System32\msvcp_win.dll
0x00007ffd46b10000 - 0x00007ffd46da8000 	C:\Windows\WinSxS\amd64_microsoft.windows.common-controls_6595b64144ccf1df_6.0.22621.5124_none_270e8f4f7386d69d\COMCTL32.dll
0x00007ffd4f550000 - 0x00007ffd4f55a000 	C:\Windows\SYSTEM32\VERSION.dll
0x00007ffd5a2a0000 - 0x00007ffd5a2d1000 	C:\Windows\System32\IMM32.DLL
0x00007ffd50100000 - 0x00007ffd5010c000 	C:\Program Files\Java\jdk-22\bin\vcruntime140_1.dll
0x00007ffd435d0000 - 0x00007ffd4365e000 	C:\Program Files\Java\jdk-22\bin\msvcp140.dll
0x00007ffd1c000000 - 0x00007ffd1cd47000 	C:\Program Files\Java\jdk-22\bin\server\jvm.dll
0x00007ffd58d40000 - 0x00007ffd58db1000 	C:\Windows\System32\WS2_32.dll
0x00007ffd57140000 - 0x00007ffd5718d000 	C:\Windows\SYSTEM32\POWRPROF.dll
0x00007ffd50210000 - 0x00007ffd50244000 	C:\Windows\SYSTEM32\WINMM.dll
0x00007ffd570e0000 - 0x00007ffd570f3000 	C:\Windows\SYSTEM32\UMPDC.dll
0x00007ffd566d0000 - 0x00007ffd566e8000 	C:\Windows\SYSTEM32\kernel.appcore.dll
0x00007ffd4f810000 - 0x00007ffd4f81a000 	C:\Program Files\Java\jdk-22\bin\jimage.dll
0x00007ffd4da70000 - 0x00007ffd4dca2000 	C:\Windows\SYSTEM32\DBGHELP.DLL
0x00007ffd587d0000 - 0x00007ffd58b62000 	C:\Windows\System32\combase.dll
0x00007ffd59570000 - 0x00007ffd59647000 	C:\Windows\System32\OLEAUT32.dll
0x00007ffd3fe10000 - 0x00007ffd3fe42000 	C:\Windows\SYSTEM32\dbgcore.DLL
0x00007ffd576d0000 - 0x00007ffd5774b000 	C:\Windows\System32\bcryptPrimitives.dll
0x00007ffd435b0000 - 0x00007ffd435ce000 	C:\Program Files\Java\jdk-22\bin\java.dll
0x00007ffd597f0000 - 0x00007ffd5a086000 	C:\Windows\System32\SHELL32.dll
0x00007ffd57d40000 - 0x00007ffd57e7f000 	C:\Windows\System32\wintypes.dll
0x00007ffd5a090000 - 0x00007ffd5a231000 	C:\Windows\System32\ole32.dll
0x00007ffd555c0000 - 0x00007ffd55eda000 	C:\Windows\SYSTEM32\windows.storage.dll
0x00007ffd5a2e0000 - 0x00007ffd5a3ea000 	C:\Windows\System32\SHCORE.dll
0x00007ffd59430000 - 0x00007ffd59493000 	C:\Windows\System32\shlwapi.dll
0x00007ffd575d0000 - 0x00007ffd575fb000 	C:\Windows\SYSTEM32\profapi.dll
0x00007ffd43410000 - 0x00007ffd434e7000 	C:\Program Files\Java\jdk-22\bin\jsvml.dll
0x00007ffd452c0000 - 0x00007ffd452d0000 	C:\Program Files\Java\jdk-22\bin\net.dll
0x00007ffd56b50000 - 0x00007ffd56bba000 	C:\Windows\system32\mswsock.dll
0x00007ffd43590000 - 0x00007ffd435a6000 	C:\Program Files\Java\jdk-22\bin\nio.dll

dbghelp: loaded successfully - version: 4.0.5 - missing functions: none
symbol engine: initialized successfully - sym options: 0x614 - pdb path: .;C:\Program Files\Java\jdk-22\bin;C:\Windows\SYSTEM32;C:\Windows\WinSxS\amd64_microsoft.windows.common-controls_6595b64144ccf1df_6.0.22621.5124_none_270e8f4f7386d69d;C:\Program Files\Java\jdk-22\bin\server

VM Arguments:
jvm_args: -Dfile.encoding=UTF-8 -Dstdout.encoding=UTF-8 -Dstderr.encoding=UTF-8 --module-path=C:\Users\WELLINGTON\Desktop\estudos\ws--java\diagonal_principal\bin -XX:+ShowCodeDetailsInExceptionMessages -Djdk.module.main=diagonal_principal 
java_command: diagonal_principal/application.Program
java_class_path (initial): <not set>
Launcher Type: SUN_STANDARD

[Global flags]
     intx CICompilerCount                          = 12                                        {product} {ergonomic}
     uint ConcGCThreads                            = 3                                         {product} {ergonomic}
     uint G1ConcRefinementThreads                  = 13                                        {product} {ergonomic}
   size_t G1HeapRegionSize                         = 2097152                                   {product} {ergonomic}
   size_t InitialHeapSize                          = 165675008                                 {product} {ergonomic}
   size_t MarkStackSize                            = 4194304                                   {product} {ergonomic}
   size_t MaxHeapSize                              = 2644508672                                {product} {ergonomic}
   size_t MaxNewSize                               = 1585446912                                {product} {ergonomic}
   size_t MinHeapDeltaBytes                        = 2097152                                   {product} {ergonomic}
   size_t MinHeapSize                              = 8388608                                   {product} {ergonomic}
    uintx NonNMethodCodeHeapSize                   = 7602480                                {pd product} {ergonomic}
    uintx NonProfiledCodeHeapSize                  = 122027880                              {pd product} {ergonomic}
    uintx ProfiledCodeHeapSize                     = 122027880                              {pd product} {ergonomic}
    uintx ReservedCodeCacheSize                    = 251658240                              {pd product} {ergonomic}
     bool SegmentedCodeCache                       = true                                      {product} {ergonomic}
     bool ShowCodeDetailsInExceptionMessages       = true                                   {manageable} {command line}
   size_t SoftMaxHeapSize                          = 2644508672                             {manageable} {ergonomic}
     bool UseCompressedOops                        = true                           {product lp64_product} {ergonomic}
     bool UseG1GC                                  = true                                      {product} {ergonomic}
     bool UseLargePagesIndividualAllocation        = false                                  {pd product} {ergonomic}

Logging:
Log output configuration:
 #0: stdout all=warning uptime,level,tags foldmultilines=false
 #1: stderr all=off uptime,level,tags foldmultilines=false

Environment Variables:
JAVA_HOME=C:\Program Files\Java\jdk-22
PATH=C:/eclipse//plugins/org.eclipse.justj.openjdk.hotspot.jre.full.win32.x86_64_21.0.6.v20250130-0529/jre/bin/server;C:/eclipse//plugins/org.eclipse.justj.openjdk.hotspot.jre.full.win32.x86_64_21.0.6.v20250130-0529/jre/bin;C:\Program Files\Common Files\Oracle\Java\javapath;C:\Windows\system32;C:\Windows;C:\Windows\System32\Wbem;C:\Windows\System32\WindowsPowerShell\v1.0\;C:\Windows\System32\OpenSSH\;C:\MinGW\bin;C:\Program Files\Java\jdk-22\bin;C:\Program Files\dotnet\;C:\Program Files (x86)\Microsoft SQL Server\160\Tools\Binn\;C:\Program Files\Microsoft SQL Server\160\Tools\Binn\;C:\Program Files\Microsoft SQL Server\Client SDK\ODBC\170\Tools\Binn\;C:\Program Files\Microsoft SQL Server\160\DTS\Binn\;C:\Program Files (x86)\Microsoft SQL Server\160\DTS\Binn\;C:\Program Files\Git\cmd;C:\Program Files\nodejs\;C:\ProgramData\chocolatey\bin;C:\Users\WELLINGTON\AppData\Local\Programs\Python\Python312\Scripts\;C:\Users\WELLINGTON\AppData\Local\Programs\Python\Python312\;C:\Users\WELLINGTON\AppData\Local\Microsoft\WindowsApps;C:\Users\WELLINGTON\AppData\Local\Programs\Microsoft VS Code\bin;C:\Users\WELLINGTON\.dotnet\tools;C:\Users\WELLINGTON\AppData\Roaming\npm;C:\eclipse;
USERNAME=WELLINGTON
OS=Windows_NT
PROCESSOR_IDENTIFIER=AMD64 Family 23 Model 104 Stepping 1, AuthenticAMD
TMP=C:\Users\WELLIN~1\AppData\Local\Temp
TEMP=C:\Users\WELLIN~1\AppData\Local\Temp




Periodic native trim disabled

---------------  S Y S T E M  ---------------

OS:
 Windows 11 , 64 bit Build 22621 (10.0.22621.5124)
OS uptime: 0 days 0:18 hours

CPU: total 16 (initial active 16) (16 cores per cpu, 2 threads per core) family 23 model 104 stepping 1 microcode 0x0, cx8, cmov, fxsr, ht, mmx, 3dnowpref, sse, sse2, sse3, ssse3, sse4a, sse4.1, sse4.2, popcnt, lzcnt, tsc, tscinvbit, avx, avx2, aes, clmul, bmi1, bmi2, adx, sha, fma, vzeroupper, clflush, clflushopt, rdtscp, rdpid, f16c
Processor Information for all 16 processors :
  Max Mhz: 1801, Current Mhz: 1801, Mhz Limit: 1801

Memory: 4k page, system-wide physical 10085M (183M free)
TotalPageFile size 40805M (AvailPageFile size 2M)
current process WorkingSet (physical memory assigned to process): 39M, peak: 39M
current process commit charge ("private bytes"): 250M, peak: 250M

vm_info: Java HotSpot(TM) 64-Bit Server VM (22.0.1+8-16) for windows-amd64 JRE (22.0.1+8-16), built on 2024-03-12T10:33:16Z by "mach5one" with MS VC++ 17.6 (VS2022)

END.
