#
# There is insufficient memory for the Java Runtime Environment to continue.
# Native memory allocation (mmap) failed to map 8192 bytes. Error detail: Unable to commit Safepoint polling page
# Possible reasons:
#   The system is out of physical RAM or swap space
#   This process is running with CompressedOops enabled, and the Java Heap may be blocking the growth of the native heap
# Possible solutions:
#   Reduce memory load on the system
#   Increase physical memory or swap space
#   Check if swap backing store is full
#   Decrease Java heap size (-Xmx/-Xms)
#   Decrease number of Java threads
#   Decrease Java thread stack sizes (-Xss)
#   Set larger code cache with -XX:ReservedCodeCacheSize=
#   JVM is running with Unscaled Compressed Oops mode in which the Java heap is
#     placed in the first 4GB address space. The Java Heap base address is the
#     maximum limit for the native heap growth. Please use -XX:HeapBaseMinAddress
#     to set the Java Heap base and to place the Java Heap above 4GB virtual address.
# This output file may be truncated or incomplete.
#
#  Out of Memory Error (os_windows.cpp:3631), pid=30528, tid=13276
#
# JRE version:  (22.0.1+8) (build )
# Java VM: Java HotSpot(TM) 64-Bit Server VM (22.0.1+8-16, mixed mode, sharing, tiered, compressed oops, compressed class ptrs, g1 gc, windows-amd64)
# No core dump will be written. Minidumps are not enabled by default on client versions of Windows
#

---------------  S U M M A R Y ------------

Command Line: -Dfile.encoding=UTF-8 -Dstdout.encoding=UTF-8 -Dstderr.encoding=UTF-8 --module-path=C:\Users\WELLINGTON\Desktop\estudos\ws--java\diagonal_principal\bin -XX:+ShowCodeDetailsInExceptionMessages -Djdk.module.main=diagonal_principal diagonal_principal/application.Program

Host: AMD Ryzen 7 5700U with Radeon Graphics         , 16 cores, 9G,  Windows 11 , 64 bit Build 22621 (10.0.22621.5124)
Time: Thu Apr 10 09:46:53 2025 Hora oficial do Brasil elapsed time: 0.018372 seconds (0d 0h 0m 0s)

---------------  T H R E A D  ---------------

Current thread is native thread

Stack: [0x000000560eb00000,0x000000560ec00000]
Native frames: (J=compiled Java code, j=interpreted, Vv=VM code, C=native code)
V  [jvm.dll+0x6e2279]  (no source info available)


---------------  P R O C E S S  ---------------

VM state: not at safepoint (not fully initialized)

VM Mutex/Monitor currently owned by a thread: None

Heap address: 0x0000000000000000, size: 0 MB, Compressed Oops mode: 32-bit

CDS archive(s) mapped at: [0x0000000000000000-0x0000000000000000-0x0000000000000000), size 0, SharedBaseAddress: 0x0000000800000000, ArchiveRelocationMode: 1.
Narrow klass base: 0x0000000000000000, Narrow klass shift: 0, Narrow klass range: 0x0

GC Precious Log:
<Not initialized>


Dynamic libraries:
0x00007ff6a16d0000 - 0x00007ff6a16e0000 	C:\Program Files\Java\jdk-22\bin\javaw.exe
0x00007ffd5a590000 - 0x00007ffd5a7a7000 	C:\Windows\SYSTEM32\ntdll.dll
0x00007ffd596d0000 - 0x00007ffd59794000 	C:\Windows\System32\KERNEL32.DLL
0x00007ffd57750000 - 0x00007ffd57b23000 	C:\Windows\System32\KERNELBASE.dll
0x00007ffd58110000 - 0x00007ffd58221000 	C:\Windows\System32\ucrtbase.dll
0x00007ffd46400000 - 0x00007ffd4641b000 	C:\Program Files\Java\jdk-22\bin\VCRUNTIME140.dll
0x00007ffd45030000 - 0x00007ffd45047000 	C:\Program Files\Java\jdk-22\bin\jli.dll
0x00007ffd594b0000 - 0x00007ffd59561000 	C:\Windows\System32\ADVAPI32.dll
0x00007ffd58230000 - 0x00007ffd582d7000 	C:\Windows\System32\msvcrt.dll
0x00007ffd58b70000 - 0x00007ffd58c18000 	C:\Windows\System32\sechost.dll
0x00007ffd57b30000 - 0x00007ffd57b58000 	C:\Windows\System32\bcrypt.dll
0x00007ffd58c20000 - 0x00007ffd58d34000 	C:\Windows\System32\RPCRT4.dll
0x00007ffd584a0000 - 0x00007ffd58651000 	C:\Windows\System32\USER32.dll
0x00007ffd576a0000 - 0x00007ffd576c6000 	C:\Windows\System32\win32u.dll
0x00007ffd597a0000 - 0x00007ffd597c9000 	C:\Windows\System32\GDI32.dll
0x00007ffd57c20000 - 0x00007ffd57d3b000 	C:\Windows\System32\gdi32full.dll
0x00007ffd57f00000 - 0x00007ffd57f9a000 	C:\Windows\System32\msvcp_win.dll
0x00007ffd46b10000 - 0x00007ffd46da8000 	C:\Windows\WinSxS\amd64_microsoft.windows.common-controls_6595b64144ccf1df_6.0.22621.5124_none_270e8f4f7386d69d\COMCTL32.dll
0x00007ffd4f550000 - 0x00007ffd4f55a000 	C:\Windows\SYSTEM32\VERSION.dll
0x00007ffd5a2a0000 - 0x00007ffd5a2d1000 	C:\Windows\System32\IMM32.DLL
0x00007ffd50100000 - 0x00007ffd5010c000 	C:\Program Files\Java\jdk-22\bin\vcruntime140_1.dll
0x00007ffd435d0000 - 0x00007ffd4365e000 	C:\Program Files\Java\jdk-22\bin\msvcp140.dll
0x00007ffd1c000000 - 0x00007ffd1cd47000 	C:\Program Files\Java\jdk-22\bin\server\jvm.dll
0x00007ffd58d40000 - 0x00007ffd58db1000 	C:\Windows\System32\WS2_32.dll
0x00007ffd57140000 - 0x00007ffd5718d000 	C:\Windows\SYSTEM32\POWRPROF.dll
0x00007ffd50210000 - 0x00007ffd50244000 	C:\Windows\SYSTEM32\WINMM.dll
0x00007ffd570e0000 - 0x00007ffd570f3000 	C:\Windows\SYSTEM32\UMPDC.dll
0x00007ffd566d0000 - 0x00007ffd566e8000 	C:\Windows\SYSTEM32\kernel.appcore.dll
0x00007ffd4f810000 - 0x00007ffd4f81a000 	C:\Program Files\Java\jdk-22\bin\jimage.dll

dbghelp: loading error: 1455
symbol engine: initialization error.

VM Arguments:
jvm_args: -Dfile.encoding=UTF-8 -Dstdout.encoding=UTF-8 -Dstderr.encoding=UTF-8 --module-path=C:\Users\WELLINGTON\Desktop\estudos\ws--java\diagonal_principal\bin -XX:+ShowCodeDetailsInExceptionMessages -Djdk.module.main=diagonal_principal 
java_command: diagonal_principal/application.Program
java_class_path (initial): <not set>
Launcher Type: SUN_STANDARD

[Global flags]
     uint ConcGCThreads                            = 3                                         {product} {ergonomic}
     uint G1ConcRefinementThreads                  = 13                                        {product} {ergonomic}
   size_t InitialHeapSize                          = 165240704                                 {product} {ergonomic}
   size_t MarkStackSize                            = 4194304                                   {product} {ergonomic}
   size_t MaxHeapSize                              = 2643851264                                {product} {ergonomic}
   size_t MinHeapSize                              = 6815736                                   {product} {ergonomic}
    uintx ReservedCodeCacheSize                    = 251658240                              {pd product} {ergonomic}
     bool SegmentedCodeCache                       = true                                      {product} {ergonomic}
     bool ShowCodeDetailsInExceptionMessages       = true                                   {manageable} {command line}
     bool UseCompressedOops                        = true                           {product lp64_product} {ergonomic}
     bool UseG1GC                                  = true                                      {product} {ergonomic}
     bool UseLargePagesIndividualAllocation        = false                                  {pd product} {ergonomic}

Logging:
Log output configuration:
 #0: stdout all=warning uptime,level,tags foldmultilines=false
 #1: stderr all=off uptime,level,tags foldmultilines=false

Environment Variables:
JAVA_HOME=C:\Program Files\Java\jdk-22
PATH=C:/eclipse//plugins/org.eclipse.justj.openjdk.hotspot.jre.full.win32.x86_64_21.0.6.v20250130-0529/jre/bin/server;C:/eclipse//plugins/org.eclipse.justj.openjdk.hotspot.jre.full.win32.x86_64_21.0.6.v20250130-0529/jre/bin;C:\Program Files\Common Files\Oracle\Java\javapath;C:\Windows\system32;C:\Windows;C:\Windows\System32\Wbem;C:\Windows\System32\WindowsPowerShell\v1.0\;C:\Windows\System32\OpenSSH\;C:\MinGW\bin;C:\Program Files\Java\jdk-22\bin;C:\Program Files\dotnet\;C:\Program Files (x86)\Microsoft SQL Server\160\Tools\Binn\;C:\Program Files\Microsoft SQL Server\160\Tools\Binn\;C:\Program Files\Microsoft SQL Server\Client SDK\ODBC\170\Tools\Binn\;C:\Program Files\Microsoft SQL Server\160\DTS\Binn\;C:\Program Files (x86)\Microsoft SQL Server\160\DTS\Binn\;C:\Program Files\Git\cmd;C:\Program Files\nodejs\;C:\ProgramData\chocolatey\bin;C:\Users\WELLINGTON\AppData\Local\Programs\Python\Python312\Scripts\;C:\Users\WELLINGTON\AppData\Local\Programs\Python\Python312\;C:\Users\WELLINGTON\AppData\Local\Microsoft\WindowsApps;C:\Users\WELLINGTON\AppData\Local\Programs\Microsoft VS Code\bin;C:\Users\WELLINGTON\.dotnet\tools;C:\Users\WELLINGTON\AppData\Roaming\npm;C:\eclipse;
USERNAME=WELLINGTON
OS=Windows_NT
PROCESSOR_IDENTIFIER=AMD64 Family 23 Model 104 Stepping 1, AuthenticAMD
TMP=C:\Users\WELLIN~1\AppData\Local\Temp
TEMP=C:\Users\WELLIN~1\AppData\Local\Temp




Periodic native trim disabled

---------------  S Y S T E M  ---------------

OS:
 Windows 11 , 64 bit Build 22621 (10.0.22621.5124)
OS uptime: 0 days 0:18 hours

CPU: total 16 (initial active 16) 
Processor Information for all 16 processors :
  Max Mhz: 1801, Current Mhz: 1801, Mhz Limit: 1801

Memory: 4k page, system-wide physical 10085M (110M free)
TotalPageFile size 40805M (AvailPageFile size 66M)
current process WorkingSet (physical memory assigned to process): 7M, peak: 7M
current process commit charge ("private bytes"): 2M, peak: 2M

vm_info: Java HotSpot(TM) 64-Bit Server VM (22.0.1+8-16) for windows-amd64 JRE (22.0.1+8-16), built on 2024-03-12T10:33:16Z by "mach5one" with MS VC++ 17.6 (VS2022)

END.
