#
# A fatal error has been detected by the Java Runtime Environment:
#
#  EXCEPTION_ACCESS_VIOLATION (0xc0000005) at pc=0x00007ffd1c3e3033, pid=28188, tid=27936
#
# JRE version:  (22.0.1+8) (build )
# Java VM: Java HotSpot(TM) 64-Bit Server VM (22.0.1+8-16, mixed mode, sharing, tiered, compressed oops, compressed class ptrs, g1 gc, windows-amd64)
# Problematic frame:
# V  [jvm.dll+0x3e3033]
#
# No core dump will be written. Minidumps are not enabled by default on client versions of Windows
#
#

---------------  S U M M A R Y ------------

Command Line: -Dfile.encoding=UTF-8 -Dstdout.encoding=UTF-8 -Dstderr.encoding=UTF-8 --module-path=C:\Users\WELLINGTON\Desktop\estudos\ws--java\diagonal_principal\bin -XX:+ShowCodeDetailsInExceptionMessages -Djdk.module.main=diagonal_principal diagonal_principal/application.Program

Host: AMD Ryzen 7 5700U with Radeon Graphics         , 16 cores, 9G,  Windows 11 , 64 bit Build 22621 (10.0.22621.5124)
Time: Thu Apr 10 09:46:53 2025 Hora oficial do Brasil elapsed time: 1.482211 seconds (0d 0h 0m 1s)

---------------  T H R E A D  ---------------

Current thread (0x000001ac8277c900):  JavaThread "Unknown thread" [_thread_in_vm, id=27936, stack(0x0000003715400000,0x0000003715500000) (1024K)]

Stack: [0x0000003715400000,0x0000003715500000],  sp=0x00000037154ff4c0,  free space=1021k
Native frames: (J=compiled Java code, j=interpreted, Vv=VM code, C=native code)
